Archive member included to satisfy reference by file (symbol)

/opt/devkitpro/libogc/lib/wii/libgrrlib.a(GRRLIB_print.o)
                              hud.o (GRRLIB_Printf)
/opt/devkitpro/libogc/lib/wii/libgrrlib.a(GRRLIB_core.o)
                              maze.o (rmode)
/opt/devkitpro/libogc/lib/wii/libgrrlib.a(GRRLIB_ttf.o)
                              /opt/devkitpro/libogc/lib/wii/libgrrlib.a(GRRLIB_core.o) (GRRLIB_InitTTF)
/opt/devkitpro/libogc/lib/wii/libgrrlib.a(GRRLIB_texEdit.o)
                              hud.o (GRRLIB_LoadTexture)
/opt/devkitpro/libogc/lib/wii/libgrrlib.a(GRRLIB_bmf.o)
                              hud.o (GRRLIB_InitTileSet)
/opt/devkitpro/libogc/lib/wii/libgrrlib.a(GRRLIB_render.o)
                              /opt/devkitpro/libogc/lib/wii/libgrrlib.a(GRRLIB_print.o) (GRRLIB_DrawTile)
/opt/devkitpro/libogc/lib/wii/libfreetype.a(ftinit.o)
                              /opt/devkitpro/libogc/lib/wii/libgrrlib.a(GRRLIB_ttf.o) (FT_Init_FreeType)
/opt/devkitpro/libogc/lib/wii/libfreetype.a(ftbase.o)
                              /opt/devkitpro/libogc/lib/wii/libgrrlib.a(GRRLIB_ttf.o) (FT_Load_Glyph)
/opt/devkitpro/libogc/lib/wii/libfreetype.a(truetype.o)
                              /opt/devkitpro/libogc/lib/wii/libfreetype.a(ftinit.o) (tt_driver_class)
/opt/devkitpro/libogc/lib/wii/libfreetype.a(type1.o)
                              /opt/devkitpro/libogc/lib/wii/libfreetype.a(ftinit.o) (t1_driver_class)
/opt/devkitpro/libogc/lib/wii/libfreetype.a(cff.o)
                              /opt/devkitpro/libogc/lib/wii/libfreetype.a(ftinit.o) (cff_driver_class)
/opt/devkitpro/libogc/lib/wii/libfreetype.a(type1cid.o)
                              /opt/devkitpro/libogc/lib/wii/libfreetype.a(ftinit.o) (t1cid_driver_class)
/opt/devkitpro/libogc/lib/wii/libfreetype.a(pfr.o)
                              /opt/devkitpro/libogc/lib/wii/libfreetype.a(ftinit.o) (pfr_driver_class)
/opt/devkitpro/libogc/lib/wii/libfreetype.a(type42.o)
                              /opt/devkitpro/libogc/lib/wii/libfreetype.a(ftinit.o) (t42_driver_class)
/opt/devkitpro/libogc/lib/wii/libfreetype.a(winfnt.o)
                              /opt/devkitpro/libogc/lib/wii/libfreetype.a(ftinit.o) (winfnt_driver_class)
/opt/devkitpro/libogc/lib/wii/libfreetype.a(pcf.o)
                              /opt/devkitpro/libogc/lib/wii/libfreetype.a(ftinit.o) (pcf_driver_class)
/opt/devkitpro/libogc/lib/wii/libfreetype.a(bdf.o)
                              /opt/devkitpro/libogc/lib/wii/libfreetype.a(ftinit.o) (bdf_driver_class)
/opt/devkitpro/libogc/lib/wii/libfreetype.a(sfnt.o)
                              /opt/devkitpro/libogc/lib/wii/libfreetype.a(ftinit.o) (sfnt_module_class)
/opt/devkitpro/libogc/lib/wii/libfreetype.a(autofit.o)
                              /opt/devkitpro/libogc/lib/wii/libfreetype.a(ftinit.o) (autofit_module_class)
/opt/devkitpro/libogc/lib/wii/libfreetype.a(pshinter.o)
                              /opt/devkitpro/libogc/lib/wii/libfreetype.a(ftinit.o) (pshinter_module_class)
/opt/devkitpro/libogc/lib/wii/libfreetype.a(raster.o)
                              /opt/devkitpro/libogc/lib/wii/libfreetype.a(ftinit.o) (ft_raster1_renderer_class)
/opt/devkitpro/libogc/lib/wii/libfreetype.a(smooth.o)
                              /opt/devkitpro/libogc/lib/wii/libfreetype.a(ftinit.o) (ft_smooth_renderer_class)
/opt/devkitpro/libogc/lib/wii/libfreetype.a(ftgzip.o)
                              /opt/devkitpro/libogc/lib/wii/libfreetype.a(pcf.o) (FT_Stream_OpenGzip)
/opt/devkitpro/libogc/lib/wii/libfreetype.a(ftlzw.o)
                              /opt/devkitpro/libogc/lib/wii/libfreetype.a(pcf.o) (FT_Stream_OpenLZW)
/opt/devkitpro/libogc/lib/wii/libfreetype.a(psaux.o)
                              /opt/devkitpro/libogc/lib/wii/libfreetype.a(ftinit.o) (psaux_module_class)
/opt/devkitpro/libogc/lib/wii/libfreetype.a(psnames.o)
                              /opt/devkitpro/libogc/lib/wii/libfreetype.a(ftinit.o) (psnames_module_class)
/opt/devkitpro/libogc/lib/wii/libfreetype.a(ftsystem.o)
                              /opt/devkitpro/libogc/lib/wii/libfreetype.a(ftbase.o) (FT_Stream_Open)
/opt/devkitpro/libogc/lib/wii/libpngu.a(pngu.o)
                              /opt/devkitpro/libogc/lib/wii/libgrrlib.a(GRRLIB_texEdit.o) (PNGU_SelectImageFromBuffer)
/opt/devkitpro/libogc/lib/wii/libpng.a(pngrio.o)
                              /opt/devkitpro/libogc/lib/wii/libpngu.a(pngu.o) (png_set_read_fn)
/opt/devkitpro/libogc/lib/wii/libpng.a(pngtrans.o)
                              /opt/devkitpro/libogc/lib/wii/libpngu.a(pngu.o) (png_set_packing)
/opt/devkitpro/libogc/lib/wii/libpng.a(png.o)
                              /opt/devkitpro/libogc/lib/wii/libpngu.a(pngu.o) (png_set_sig_bytes)
/opt/devkitpro/libogc/lib/wii/libpng.a(pngwio.o)
                              /opt/devkitpro/libogc/lib/wii/libpngu.a(pngu.o) (png_set_write_fn)
/opt/devkitpro/libogc/lib/wii/libpng.a(pngerror.o)
[...]
Memory Configuration

Name             Origin             Length             Attributes
*default*        0x0000000000000000 0xffffffffffffffff

Linker script and memory map

                0x0000000000003400                . = 0x3400

.stub
 *(.stub)
                0x0000000080004000                . = 0x80004000

.init           0x0000000080004000      0x194
 *crt0.o(*.init)
 .init          0x0000000080004000      0x170 /opt/devkitpro/libogc/lib/wii/libogc.a(ogc_crt0.o)
                0x0000000080004000                _start
                0x0000000080004140                _memset
 *(.init)
 .init          0x0000000080004170        0xc /opt/devkitpro/devkitPPC/lib/gcc/powerpc-eabi/8.3.0/ecrti.o
                0x0000000080004170                __init
 .init          0x000000008000417c        0x4 /opt/devkitpro/devkitPPC/lib/gcc/powerpc-eabi/8.3.0/crtbegin.o
 .init          0x0000000080004180        0x4 /opt/devkitpro/devkitPPC/lib/gcc/powerpc-eabi/8.3.0/crtend.o
 .init          0x0000000080004184       0x10 /opt/devkitpro/devkitPPC/lib/gcc/powerpc-eabi/8.3.0/ecrtn.o

.rela.dyn       0x0000000080004194        0x0
 .rela.iplt     0x0000000080004194        0x0 maze.o

.plt
 *(.plt)

.interp
 *(.interp)

.hash
 *(.hash)

.dynsym
 *(.dynsym)

.dynstr
 *(.dynstr)

.gnu.version
 *(.gnu.version)

.gnu.version_d
 *(.gnu.version_d)

.gnu.version_r
 *(.gnu.version_r)

.rel.init
 *(.rel.init)

.rela.init      0x0000000080004194        0x0
 *(.rela.init)
 .rela.init     0x0000000080004194        0x0 maze.o

.rel.text
 *(.rel.text .rel.text.* .rel.gnu.linkonce.t.*)

.rela.text      0x0000000080004194        0x0
 *(.rela.text .rela.text.* .rela.gnu.linkonce.t.*)
 .rela.text.deregister_tm_clones
                0x0000000080004194        0x0 maze.o
 .rela.text.register_tm_clones
                0x0000000080004194        0x0 maze.o
 .rela.text.__do_global_dtors_aux
                0x0000000080004194        0x0 maze.o
 .rela.text.frame_dummy
                0x0000000080004194        0x0 maze.o
 .rela.text.initMazeGrid
                0x0000000080004194        0x0 maze.o
 .rela.text.generateMaze
                0x0000000080004194        0x0 maze.o
 .rela.text.setupEndPoint
                0x0000000080004194        0x0 maze.o
 .rela.text.prepareShow
                0x0000000080004194        0x0 maze.o
 .rela.text.showMaze
                0x0000000080004194        0x0 maze.o
 .rela.text.firstSetupPlayers
                0x0000000080004194        0x0 maze.o
 .rela.text.setupPlayers
                0x0000000080004194        0x0 maze.o
 .rela.text.thereIsPlayerInPos
                0x0000000080004194        0x0 maze.o
 .rela.text.areTherePlayersNearby
                0x0000000080004194        0x0 maze.o
 .rela.text.updatePlayers
                0x0000000080004194        0x0 maze.o
 .rela.text.showPlayer
                0x0000000080004194        0x0 maze.o
 .rela.text.nPlayersPlaying
                0x0000000080004194        0x0 maze.o
 .rela.text.initVars
                0x0000000080004194        0x0 maze.o
 .rela.text.draw
                0x0000000080004194        0x0 maze.o
 .rela.text.startup.main
                0x0000000080004194        0x0 maze.o
 .rela.text.initFonts
                0x0000000080004194        0x0 maze.o
 .rela.text.showScores
                0x0000000080004194        0x0 maze.o
 .rela.text.updatePlayingPlayers
                0x0000000080004194        0x0 maze.o
 .rela.text.updateControls
                0x0000000080004194        0x0 maze.o
 .rela.text.GRRLIB_ClipReset
                0x0000000080004194        0x0 maze.o
 .rela.text.GRRLIB_FillScreen
                0x0000000080004194        0x0 maze.o
 .rela.text.GRRLIB_Exit
                0x0000000080004194        0x0 maze.o
 .rela.text.GRRLIB_Init
                0x0000000080004194        0x0 maze.o
 .rela.text.GRRLIB_DrawTile
                0x0000000080004194        0x0 maze.o
 .rela.text.GRRLIB_Render
                0x0000000080004194        0x0 maze.o
 .rela.text.wiiuse_handshake
                0x0000000080004194        0x0 maze.o
 .rela.text.wiiuse_handshake_expansion
                0x0000000080004194        0x0 maze.o
 .rela.text.wiiuse_init_cmd_queue
                0x0000000080004194        0x0 maze.o
 .rela.text.wiiuse_init
                0x0000000080004194        0x0 maze.o
 .rela.text.__lwp_thread_tickle_timeslice
                0x0000000080004194        0x0 maze.o
 .rela.text.__lwp_thread_setstate
                0x0000000080004194        0x0 maze.o
 .rela.text.__lwp_thread_suspend
                0x0000000080004194        0x0 maze.o
 .rela.text.__lwp_thread_changepriority
                0x0000000080004194        0x0 maze.o
 .rela.text.__lwp_thread_ready
                0x0000000080004194        0x0 maze.o
 .rela.text.__lwp_thread_init
                0x0000000080004194        0x0 maze.o
 .rela.text.__lwp_thread_close
                0x0000000080004194        0x0 maze.o
 .rela.text.__lwp_thread_closeall
                0x0000000080004194        0x0 maze.o
 .rela.text.__lwp_thread_startmultitasking
                0x0000000080004194        0x0 maze.o
 .rela.text.__lwp_thread_stopmultitasking
                0x0000000080004194        0x0 maze.o
 .rela.text.__lwp_thread_coreinit
                0x0000000080004194        0x0 maze.o
 .rela.text.__lwp_sysinit
                0x0000000080004194        0x0 maze.o
 .rela.text.LWP_SuspendThread
                0x0000000080004194        0x0 maze.o
 .rela.text.LWP_ResumeThread
                0x0000000080004194        0x0 maze.o
 .rela.text.LWP_InitQueue
                0x0000000080004194        0x0 maze.o
 .rela.text.LWP_CloseQueue
                0x0000000080004194        0x0 maze.o
 .rela.text.LWP_ThreadSleep
                0x0000000080004194        0x0 maze.o
 .rela.text.LWP_ThreadBroadcast
                0x0000000080004194        0x0 maze.o
 .rela.text.LWP_ThreadSignal
                0x0000000080004194        0x0 maze.o
 .rela.text.__lwp_stack_allocate
                0x0000000080004194        0x0 maze.o
 .rela.text.__lwp_stack_free
                0x0000000080004194        0x0 maze.o
 .rela.text.__lwp_watchdog_init
                0x0000000080004194        0x0 maze.o
 .rela.text.__lwp_wd_tickle
                0x0000000080004194        0x0 maze.o
 .rela.text.__lwp_wkspace_init
                0x0000000080004194        0x0 maze.o
 .rela.text.__lwp_objmgr_initinfo
                0x0000000080004194        0x0 maze.o
 .rela.text.__irq_init
                0x0000000080004194        0x0 maze.o
 .rela.text.__lwp_mutex_locksupp.constprop.8
                0x0000000080004194        0x0 maze.o
 .rela.text.__lwp_mutex_init
                0x0000000080004194        0x0 maze.o
 .rela.text.LWP_MutexInit
                0x0000000080004194        0x0 maze.o
 .rela.text.LWP_MutexDestroy
                0x0000000080004194        0x0 maze.o
 .rela.text.LWP_MutexUnlock
                0x0000000080004194        0x0 maze.o
 .rela.text.__call_resetfuncs
                0x0000000080004194        0x0 maze.o
 .rela.text.__unlocksram
                0x0000000080004194        0x0 maze.o
 .rela.text.__sram_writecallback
                0x0000000080004194        0x0 maze.o
 .rela.text.__sys_alarmhandler
                0x0000000080004194        0x0 maze.o
 .rela.text.__sram_read.constprop.11
                0x0000000080004194        0x0 maze.o
 .rela.text.SYS_Init
                0x0000000080004194        0x0 maze.o
 .rela.text.SYS_SetAlarm
                0x0000000080004194        0x0 maze.o
 .rela.text.SYS_SetPeriodicAlarm
                0x0000000080004194        0x0 maze.o
 .rela.text.SYS_RemoveAlarm
                0x0000000080004194        0x0 maze.o
 .rela.text.SYS_CancelAlarm
                0x0000000080004194        0x0 maze.o
 .rela.text.SYS_SetWirelessID
                0x0000000080004194        0x0 maze.o
 .rela.text.SYS_GetWirelessID
                0x0000000080004194        0x0 maze.o
 .rela.text.__lwp_cond_init
                0x0000000080004194        0x0 maze.o
 .rela.text.__GX_InitRevBits
                0x0000000080004194        0x0 maze.o
 .rela.text.__GX_CleanGPFifo
                0x0000000080004194        0x0 maze.o
 .rela.text.__GXDefTexRegionCallback
                0x0000000080004194        0x0 maze.o
 .rela.text.__GXDefTlutRegionCallback
                0x0000000080004194        0x0 maze.o
 .rela.text.__SetSURegs
                0x0000000080004194        0x0 maze.o
 .rela.text.__GXCPInterruptHandler
                0x0000000080004194        0x0 maze.o
 .rela.text.__GX_Abort
                0x0000000080004194        0x0 maze.o
 .rela.text.GX_SetTexCoordGen2.part.7
                0x0000000080004194        0x0 maze.o
 .rela.text.__GX_SetDirtyState
                0x0000000080004194        0x0 maze.o
 .rela.text.GX_SetCPUFifo
                0x0000000080004194        0x0 maze.o
 .rela.text.GX_SetGPFifo
                0x0000000080004194        0x0 maze.o
 .rela.text.GX_Flush
                0x0000000080004194        0x0 maze.o
 .rela.text.__gx_onreset
                0x0000000080004194        0x0 maze.o
 .rela.text.GX_AbortFrame
                0x0000000080004194        0x0 maze.o
 .rela.text.GX_SetDispCopyGamma
                0x0000000080004194        0x0 maze.o
 .rela.text.GX_SetDispCopyYScale
                0x0000000080004194        0x0 maze.o
 .rela.text.GX_SetDispCopyDst
                0x0000000080004194        0x0 maze.o
 .rela.text.GX_SetDispCopySrc
                0x0000000080004194        0x0 maze.o
 .rela.text.GX_CopyDisp
                0x0000000080004194        0x0 maze.o
 .rela.text.GX_SetVtxDesc
                0x0000000080004194        0x0 maze.o
 .rela.text.GX_SetVtxAttrFmt
                0x0000000080004194        0x0 maze.o
 .rela.text.GX_Begin
                0x0000000080004194        0x0 maze.o
 .rela.text.GX_SetNumTexGens
                0x0000000080004194        0x0 maze.o
 .rela.text.GX_SetZMode
                0x0000000080004194        0x0 maze.o
 .rela.text.GX_LoadTexObjPreloaded
                0x0000000080004194        0x0 maze.o
 .rela.text.GX_InvalidateTexAll
                0x0000000080004194        0x0 maze.o
 .rela.text.GX_SetBlendMode
                0x0000000080004194        0x0 maze.o
 .rela.text.GX_ClearVtxDesc
                0x0000000080004194        0x0 maze.o
 .rela.text.GX_SetTevColorOp
                0x0000000080004194        0x0 maze.o
 .rela.text.GX_SetTevAlphaOp
                0x0000000080004194        0x0 maze.o
 .rela.text.GX_SetTevOp
                0x0000000080004194        0x0 maze.o
 .rela.text.GX_SetCullMode
                0x0000000080004194        0x0 maze.o
 .rela.text.GX_SetScissor
                0x0000000080004194        0x0 maze.o
 .rela.text.GX_SetNumChans
                0x0000000080004194        0x0 maze.o
 .rela.text.GX_SetTevOrder
                0x0000000080004194        0x0 maze.o
 .rela.text.GX_SetTevKColorSel
                0x0000000080004194        0x0 maze.o
 .rela.text.GX_SetTevKAlphaSel
                0x0000000080004194        0x0 maze.o
 .rela.text.GX_SetTevSwapModeTable
                0x0000000080004194        0x0 maze.o
 .rela.text.GX_SetColorUpdate
                0x0000000080004194        0x0 maze.o
 .rela.text.GX_SetAlphaUpdate
                0x0000000080004194        0x0 maze.o
 .rela.text.GX_SetPixelFmt
                0x0000000080004194        0x0 maze.o
 .rela.text.GX_SetFieldMode
                0x0000000080004194        0x0 maze.o
 .rela.text.GX_SetGPMetric
                0x0000000080004194        0x0 maze.o
 .rela.text.GX_Init
                0x0000000080004194        0x0 maze.o
 .rela.text.c_decrementer_handler
                0x0000000080004194        0x0 maze.o
 .rela.text.__lwp_mqbox_init
                0x0000000080004194        0x0 maze.o
 .rela.text.__ios_ioctlvformat_parse
                0x0000000080004194        0x0 maze.o
 .rela.text.__ioctlvfmtCB
                0x0000000080004194        0x0 maze.o
 .rela.text.IOS_IoctlvFormat
                0x0000000080004194        0x0 maze.o
 .rela.text.__libogc_nanosleep
                0x0000000080004194        0x0 maze.o
 .rela.text.__libc_delete_hook
                0x0000000080004194        0x0 maze.o
 .rela.text.__libc_init
                0x0000000080004194        0x0 maze.o
 .rela.text.__CheckARGV
                0x0000000080004194        0x0 maze.o
 .rela.text.__lwp_priority_init
                0x0000000080004194        0x0 maze.o
 .rela.text.__lwp_threadqueue_enqueuefifo
                0x0000000080004194        0x0 maze.o
 .rela.text.__lwp_threadqueue_dequeuefifo
                0x0000000080004194        0x0 maze.o
 .rela.text.__lwp_threadqueue_enqueuepriority
                0x0000000080004194        0x0 maze.o
 .rela.text.__lwp_threadqueue_dequeuepriority
                0x0000000080004194        0x0 maze.o
 .rela.text.__lwp_threadqueue_enqueue
                0x0000000080004194        0x0 maze.o
 .rela.text.__lwp_threadqueue_extractfifo
                0x0000000080004194        0x0 maze.o
 .rela.text.__lwp_threadqueue_extractpriority
                0x0000000080004194        0x0 maze.o
 .rela.text.__exception_init
                0x0000000080004194        0x0 maze.o
 .rela.text.__exception_close
                0x0000000080004194        0x0 maze.o
 .rela.text     0x0000000080004194        0x0 maze.o
 .rela.text.__lwp_sema_init
                0x0000000080004194        0x0 maze.o
 .rela.text.kprintf
                0x0000000080004194        0x0 maze.o
 .rela.text.__card_sd_status
                0x0000000080004194        0x0 maze.o
 .rela.text.__card_readcsd
                0x0000000080004194        0x0 maze.o
 .rela.text.__card_readcid
                0x0000000080004194        0x0 maze.o
 .rela.text.sdgecko_initIO
                0x0000000080004194        0x0 maze.o

.rel.fini
 *(.rel.fini)

.rela.fini
 *(.rela.fini)

.rel.rodata
 *(.rel.rodata .rel.rodata.* .rel.gnu.linkonce.r.*)

.rela.rodata
 *(.rela.rodata .rela.rodata.* .rela.gnu.linkonce.r.*)

.rel.data
 *(.rel.data .rel.data.* .rel.gnu.linkonce.d.*)

.rela.data
 *(.rela.data .rela.data.* .rela.gnu.linkonce.d.*)

.rel.tdata
 *(.rel.tdata .rel.tdata.* .rel.gnu.linkonce.td.*)

.rela.tdata
 *(.rela.tdata .rela.tdata.* .rela.gnu.linkonce.td.*)

.rel.tbss
 *(.rel.tbss .rel.tbss.* .rel.gnu.linkonce.tb.*)

.rela.tbss
 *(.rela.tbss .rela.tbss.* .rela.gnu.linkonce.tb.*)

.rel.ctors
 *(.rel.ctors)

.rela.ctors
 *(.rela.ctors)

.rel.dtors
 *(.rel.dtors)

.rela.dtors
 *(.rela.dtors)

.rel.got
 *(.rel.got)

.rela.got
 *(.rela.got)

.rela.got1
 *(.rela.got1)

.rela.got2
 *(.rela.got2)

.rel.sdata
 *(.rel.sdata .rel.sdata.* .rel.gnu.linkonce.s.*)

.rela.sdata
 *(.rela.sdata .rela.sdata.* .rela.gnu.linkonce.s.*)

.rel.sbss
 *(.rel.sbss .rel.sbss.* .rel.gnu.linkonce.sb.*)

.rela.sbss
 *(.rela.sbss .rela.sbss.* .rel.gnu.linkonce.sb.*)

.rel.sdata2
 *(.rel.sdata2 .rel.sdata2.* .rel.gnu.linkonce.s2.*)

.rela.sdata2    0x0000000080004194        0x0
 *(.rela.sdata2 .rela.sdata2.* .rela.gnu.linkonce.s2.*)
 .rela.sdata2.__sys_inIPL
                0x0000000080004194        0x0 maze.o

.rel.sbss2
 *(.rel.sbss2 .rel.sbss2.* .rel.gnu.linkonce.sb2.*)

.rela.sbss2
 *(.rela.sbss2 .rela.sbss2.* .rela.gnu.linkonce.sb2.*)

.rel.bss
 *(.rel.bss .rel.bss.* .rel.gnu.linkonce.b.*)

.rela.bss
 *(.rela.bss .rela.bss.* .rela.gnu.linkonce.b.*)

.rel.plt
 *(.rel.plt)

.rela.plt
 *(.rela.plt)

.text           0x00000000800041a0   0x117d60
 *(.text)
 .text          0x00000000800041a0      0x164 /opt/devkitpro/libogc/lib/wii/libfreetype.a(ftinit.o)
                0x00000000800041a0                FT_Add_Default_Modules
                0x0000000080004218                FT_Init_FreeType
                0x00000000800042a4                FT_Done_FreeType
 .text          0x0000000080004304    0x1102c /opt/devkitpro/libogc/lib/wii/libfreetype.a(ftbase.o)
                0x0000000080004418                FT_Get_Advance
                0x000000008000454c                FT_Get_Advances
                0x000000008000478c                FT_RoundFix
                0x00000000800047e8                FT_CeilFix
                0x0000000080004844                FT_FloorFix
                0x0000000080004890                FT_Sqrt32
                0x0000000080004be8                FT_MulDiv
                0x0000000080004dd0                FT_MulDiv_No_Round
                0x0000000080004f68                FT_MulFix
                0x00000000800050b8                FT_DivFix
                0x0000000080005210                FT_Matrix_Multiply
                0x00000000800053bc                FT_Matrix_Invert
                0x00000000800054fc                FT_Matrix_Multiply_Scaled
                0x00000000800056d8                FT_Vector_Transform_Scaled
                0x00000000800057fc                FT_SqrtFixed
                0x00000000800058d4                ft_corner_orientation
                0x0000000080005a98                ft_corner_is_flat
                0x0000000080005bfc                FT_GlyphLoader_New
                0x0000000080005c7c                FT_GlyphLoader_Rewind
                0x0000000080005d0c                FT_GlyphLoader_Reset
                0x0000000080005e24                FT_GlyphLoader_Done
                0x0000000080005f88                FT_GlyphLoader_CreateExtra
                0x00000000800060a4                FT_GlyphLoader_CheckPoints
                0x00000000800063d0                FT_GlyphLoader_CheckSubGlyphs
                0x00000000800064e8                FT_GlyphLoader_Prepare
                0x000000008000655c                FT_GlyphLoader_Add
                0x00000000800066d8                FT_GlyphLoader_CopyPoints
                0x0000000080006874                ft_service_list_lookup
                0x0000000080006928                ft_validator_init
                0x0000000080006988                ft_validator_run
                0x00000000800069b0                ft_validator_error
                0x00000000800069f0                FT_Stream_New
                0x0000000080006bb8                FT_Stream_Free
                0x0000000080006d58                ft_glyphslot_free_bitmap
                0x0000000080006e10                ft_glyphslot_set_bitmap
                0x0000000080006e5c                ft_glyphslot_alloc_bitmap
                0x0000000080007144                FT_New_GlyphSlot
                0x000000008000729c                FT_Done_GlyphSlot
                0x00000000800073c0                FT_Set_Transform
                0x0000000080007758                FT_Load_Glyph
                0x0000000080007e18                FT_Load_Char
                0x000000008000878c                FT_New_Face
                0x0000000080008814                FT_New_Memory_Face
                0x0000000080009f90                FT_Open_Face
                0x000000008000a6a4                FT_Attach_File
                0x000000008000a71c                FT_Attach_Stream
                0x000000008000a848                FT_Reference_Face
                0x000000008000a884                FT_Done_Face
                0x000000008000a990                FT_New_Size
                0x000000008000ab5c                FT_Done_Size
                0x000000008000aca8                FT_Match_Size
                0x000000008000aedc                ft_synthesize_vertical_metrics
                0x000000008000b0fc                FT_Select_Metrics
                0x000000008000b264                FT_Request_Metrics
                0x000000008000b6dc                FT_Select_Size
                0x000000008000b7c8                FT_Request_Size
                0x000000008000b924                FT_Set_Char_Size
                0x000000008000ba40                FT_Set_Pixel_Sizes
                0x000000008000bb54                FT_Get_Kerning
                0x000000008000bd60                FT_Get_Track_Kerning
                0x000000008000be60                FT_Select_Charmap
                0x000000008000bf8c                FT_Set_Charmap
                0x000000008000c098                FT_Get_Charmap_Index
                0x000000008000c1ec                FT_CMap_Done
                0x000000008000c3f4                FT_CMap_New
                0x000000008000c5e4                FT_Get_Char_Index
                0x000000008000c670                FT_Get_First_Char
                0x000000008000c750                FT_Get_Next_Char
                0x000000008000c850                FT_Face_GetCharVariantIndex
                0x000000008000c924                FT_Face_GetCharVariantIsDefault
                0x000000008000c9c0                FT_Face_GetVariantSelectors
                0x000000008000ca58                FT_Face_GetVariantsOfChar
                0x000000008000caf8                FT_Face_GetCharsOfVariant
                0x000000008000cb98                FT_Get_Name_Index
                0x000000008000ccec                FT_Get_Glyph_Name
                0x000000008000ce88                FT_Get_Postscript_Name
                0x000000008000cfdc                FT_Get_Sfnt_Table
                0x000000008000d0bc                FT_Load_Sfnt_Table
                0x000000008000d1b8                FT_Sfnt_Table_Info
                0x000000008000d2b4                FT_Get_CMap_Language_ID
                0x000000008000d3b4                FT_Get_CMap_Format
                0x000000008000d4b4                FT_Activate_Size
                0x000000008000d52c                FT_Lookup_Renderer
                0x000000008000d9a0                FT_Get_Renderer
                0x000000008000d9ec                FT_Set_Renderer
                0x000000008000db50                FT_Render_Glyph_Internal
                0x000000008000dcd4                FT_Render_Glyph
                0x000000008000de54                FT_Add_Module
                0x000000008000e224                FT_Get_Module
                0x000000008000e304                FT_Get_Module_Interface
                0x000000008000e36c                ft_module_get_service
                0x000000008000e4b8                FT_Remove_Module
                0x000000008000e5d8                FT_Reference_Library
                0x000000008000e614                FT_New_Library
                0x000000008000e738                FT_Library_Version
                0x000000008000e7f8                FT_Done_Library
                0x000000008000ea40                FT_Set_Debug_Hook
                0x000000008000eab0                FT_Get_TrueType_Engine_Type
                0x000000008000eb48                ft_stub_set_char_sizes
                0x000000008000ec48                ft_stub_set_pixel_sizes
                0x000000008000ed04                FT_Get_SubGlyph_Info
                0x000000008000ee18                FT_Outline_Decompose
                0x000000008000f540                FT_Outline_New_Internal
                0x000000008000f6e0                FT_Outline_New
                0x000000008000f754                FT_Outline_Check
                0x000000008000f898                FT_Outline_Copy
                0x000000008000fa24                FT_Outline_Done_Internal
                0x000000008000fb20                FT_Outline_Done
                0x000000008000fb84                FT_Outline_Get_CBox
                0x000000008000fd20                FT_Outline_Translate
                0x000000008000fdd4                FT_Outline_Reverse
                0x000000008000ff98                FT_Outline_Render
                0x00000000800100ec                FT_Outline_Get_Bitmap
                0x00000000800101a0                FT_Vector_Transform
                0x00000000800102a4                FT_Outline_Transform
                0x000000008001034c                FT_Outline_Embolden
                0x0000000080010398                FT_Outline_EmboldenXY
                0x0000000080010798                FT_Outline_Get_Orientation
                0x000000008001092c                FT_Raccess_Get_HeaderInfo
                0x0000000080010cb8                FT_Raccess_Get_DataOffsets
                0x00000000800110bc                FT_Raccess_Guess
                0x0000000080011d64                FT_Get_Sfnt_Name_Count
                0x0000000080011db8                FT_Get_Sfnt_Name
                0x0000000080011fd4                FT_Stream_OpenMemory
                0x0000000080012048                FT_Stream_Close
                0x00000000800120ac                FT_Stream_Seek
                0x000000008001216c                FT_Stream_Skip
                0x00000000800121d8                FT_Stream_Pos
                0x0000000080012204                FT_Stream_Read
                0x0000000080012260                FT_Stream_ReadAt
                0x0000000080012378                FT_Stream_TryRead
                0x000000008001248c                FT_Stream_ExtractFrame
                0x0000000080012510                FT_Stream_ReleaseFrame
                0x000000008001259c                FT_Stream_EnterFrame
                0x0000000080012794                FT_Stream_ExitFrame
                0x000000008001281c                FT_Stream_GetChar
                0x0000000080012884                FT_Stream_GetUShort
                0x0000000080012920                FT_Stream_GetUShortLE
                0x00000000800129bc                FT_Stream_GetUOffset
                0x0000000080012a68                FT_Stream_GetULong
                0x0000000080012b2c                FT_Stream_GetULongLE
                0x0000000080012bf0                FT_Stream_ReadChar
                0x0000000080012cf0                FT_Stream_ReadUShort
                0x0000000080012e4c                FT_Stream_ReadUShortLE
                0x0000000080012fa8                FT_Stream_ReadUOffset
                0x0000000080013114                FT_Stream_ReadULong
                0x0000000080013298                FT_Stream_ReadULongLE
                0x000000008001341c                FT_Stream_ReadFields
                0x000000008001407c                FT_Cos
                0x00000000800140e0                FT_Sin
                0x000000008001412c                FT_Tan
                0x000000008001419c                FT_Atan2
                0x0000000080014220                FT_Vector_Unit
                0x00000000800142a8                FT_Vector_Rotate
                0x000000008001440c                FT_Vector_Length
                0x0000000080014504                FT_Vector_Polarize
                0x00000000800145e0                FT_Vector_From_Polar
                0x0000000080014640                FT_Angle_Diff
                0x00000000800146f4                ft_mem_alloc
                0x0000000080014784                ft_mem_qalloc
                0x0000000080014834                ft_mem_realloc
                0x0000000080014910                ft_mem_qrealloc
                0x0000000080014a90                ft_mem_free
                0x0000000080014aec                ft_mem_dup
                0x0000000080014b80                ft_mem_strdup
                0x0000000080014bfc                ft_mem_strcpyn
                0x0000000080014c94                FT_List_Find
                0x0000000080014d04                FT_List_Add
                0x0000000080014d84                FT_List_Insert
                0x0000000080014e04                FT_List_Remove
                0x0000000080014e94                FT_List_Up
                0x0000000080014f50                FT_List_Iterate
                0x0000000080014ff4                FT_List_Finalize
                0x00000000800150c0                ft_highpow2
                0x0000000080015118                FT_Alloc
                0x0000000080015178                FT_QAlloc
                0x00000000800151d8                FT_Realloc
                0x0000000080015250                FT_QRealloc
                0x00000000800152c8                FT_Free
 .text          0x0000000080015330    0x14a14 /opt/devkitpro/libogc/lib/wii/libfreetype.a(truetype.o)
                0x000000008001d60c                TT_New_Context
                0x00000000800251a4                TT_RunIns
 .text          0x0000000080029d44     0x9fcc /opt/devkitpro/libogc/lib/wii/libfreetype.a(type1.o)
 .text          0x0000000080033d10     0xc530 /opt/devkitpro/libogc/lib/wii/libfreetype.a(cff.o)
 .text          0x0000000080040240     0x366c /opt/devkitpro/libogc/lib/wii/libfreetype.a(type1cid.o)
 .text          0x00000000800438ac     0x73bc /opt/devkitpro/libogc/lib/wii/libfreetype.a(pfr.o)
 .text          0x000000008004ac68     0x3a3c /opt/devkitpro/libogc/lib/wii/libfreetype.a(type42.o)
 .text          0x000000008004e6a4     0x1d08 /opt/devkitpro/libogc/lib/wii/libfreetype.a(winfnt.o)
 .text          0x00000000800503ac     0x398c /opt/devkitpro/libogc/lib/wii/libfreetype.a(pcf.o)
 .text          0x0000000080053d38     0x7140 /opt/devkitpro/libogc/lib/wii/libfreetype.a(bdf.o)
 .text          0x000000008005ae78    0x107c4 /opt/devkitpro/libogc/lib/wii/libfreetype.a(sfnt.o)
 .text          0x000000008006b63c     0xb8d4 /opt/devkitpro/libogc/lib/wii/libfreetype.a(autofit.o)
                0x000000008006c4b4                af_glyph_hints_dump_points
                0x000000008006c4d8                af_glyph_hints_dump_segments
                0x000000008006c4fc                af_glyph_hints_get_num_segments
                0x000000008006c52c                af_glyph_hints_get_segment_offset
                0x000000008006c560                af_glyph_hints_dump_edges
 .text          0x0000000080076f10     0x71a8 /opt/devkitpro/libogc/lib/wii/libfreetype.a(pshinter.o)
                0x000000008007dbe8                ps_hints_apply
 .text          0x000000008007e0b8     0x5510 /opt/devkitpro/libogc/lib/wii/libfreetype.a(raster.o)
 .text          0x00000000800835c8     0x3a64 /opt/devkitpro/libogc/lib/wii/libfreetype.a(smooth.o)
 .text          0x000000008008702c     0x60a0 /opt/devkitpro/libogc/lib/wii/libfreetype.a(ftgzip.o)
                0x000000008008ce68                FT_Stream_OpenGzip
 .text          0x000000008008d0cc     0x1680 /opt/devkitpro/libogc/lib/wii/libfreetype.a(ftlzw.o)
                0x000000008008d834                FT_Stream_OpenLZW
                0x000000008008df50                ft_lzwstate_reset
                0x000000008008dfd4                ft_lzwstate_init
                0x000000008008e080                ft_lzwstate_done
                0x000000008008e13c                ft_lzwstate_io
 .text          0x000000008008e74c     0x74c0 /opt/devkitpro/libogc/lib/wii/libfreetype.a(psaux.o)
 .text          0x0000000080095c0c      0xf50 /opt/devkitpro/libogc/lib/wii/libfreetype.a(psnames.o)
 .text          0x0000000080096b5c      0x408 /opt/devkitpro/libogc/lib/wii/libfreetype.a(ftsystem.o)
                0x0000000080096d58                FT_Stream_Open
                0x0000000080096e9c                FT_New_Memory
                0x0000000080096f28                FT_Done_Memory
 *fill*         0x0000000080096f64       0x1c 00000000
 .text          0x0000000080096f80      0x44c /opt/devkitpro/libogc/lib/wii/libogc.a(lwp_handler.o)
                0x0000000080096f80                _cpu_context_save_fp
                0x00000000800970c0                _cpu_context_restore_fp
                0x0000000080097200                _cpu_context_switch
                0x00000000800972e0                _cpu_context_save
                0x0000000080097360                _cpu_context_restore
 .text          0x00000000800973cc      0x4f4 /opt/devkitpro/libogc/lib/wii/libogc.a(cache_asm.o)
                0x00000000800973cc                DCFlashInvalidate
                0x00000000800973e0                DCEnable
                0x00000000800973f4                DCDisable
                0x0000000080097408                DCFreeze
                0x000000008009741c                DCUnfreeze
                0x0000000080097430                DCTouchLoad
                0x0000000080097438                DCBlockZero
                0x0000000080097440                DCBlockStore
                0x0000000080097448                DCBlockFlush
                0x0000000080097450                DCBlockInvalidate
                0x0000000080097458                DCInvalidateRange
                0x0000000080097488                DCFlushRange
                0x00000000800974bc                DCStoreRange
                0x00000000800974f0                DCFlushRangeNoSync
                0x0000000080097520                DCStoreRangeNoSync
                0x0000000080097550                DCZeroRange
                0x0000000080097580                DCTouchRange
                0x00000000800975b0                ICInvalidateRange
                0x00000000800975e8                ICFlashInvalidate
                0x00000000800975fc                ICEnable
                0x0000000080097610                ICDisable
                0x0000000080097624                ICFreeze
                0x0000000080097638                ICUnfreeze
                0x000000008009764c                ICBlockInvalidate
                0x0000000080097654                ICSync
                0x000000008009765c                L2Init
                0x00000000800976a4                L2Enable
                0x00000000800976c0                L2Disable
                0x00000000800976d8                L2GlobalInvalidate
                0x0000000080097730                __LCEnable
                0x00000000800977fc                LCDisable
                0x0000000080097824                LCAllocOneTag
                0x0000000080097838                LCAllocTags
                0x0000000080097878                LCLoadBlocks
                0x000000008009789c                LCStoreBlocks
 .text          0x00000000800978c0      0x4a0 /opt/devkitpro/libogc/lib/wii/libogc.a(system_asm.o)
                0x00000000800978c0                __realmode
                0x00000000800978d8                __configBATS
                0x0000000080097a08                __InitFPRS
                0x0000000080097b34                __InitPS
                0x0000000080097b90                __InitCache
                0x0000000080097be8                __InitSystem
                0x0000000080097c70                __flush_cache
                0x0000000080097ca4                __reset
                0x0000000080097d14                __InitBATS
                0x0000000080097d30                SYS_SwitchFiber
 .text          0x0000000080097d60      0x8dc /opt/devkitpro/libogc/lib/wii/libogc.a(gu_psasm.o)
                0x0000000080097d60                ps_guMtxConcat
                0x0000000080097e24                ps_guMtxIdentity
                0x0000000080097e50                ps_guMtxCopy
                0x0000000080097e84                ps_guMtxTranspose
                0x0000000080097ed4                ps_guMtxInverse
                0x0000000080097fcc                ps_guMtxInvXpose
                0x0000000080098094                ps_guMtxScale
                0x00000000800980bc                ps_guMtxScaleApply
                0x0000000080098114                ps_guMtxApplyScale
                0x0000000080098178                ps_guMtxTrans
                0x00000000800981ac                ps_guMtxTransApply
                0x00000000800981f8                ps_guMtxApplyTrans
                0x0000000080098274                ps_guMtxRotTrig
                0x0000000080098324                __ps_guMtxRotAxisRadInternal
                0x00000000800983e4                ps_guMtxReflect
                0x0000000080098454                ps_guVecAdd
                0x0000000080098478                ps_guVecSub
                0x000000008009849c                ps_guVecScale
                0x00000000800984b8                ps_guVecNormalize
                0x00000000800984fc                ps_guVecCross
                0x0000000080098538                ps_guVecDotProduct
                0x0000000080098558                ps_guVecMultiply
                0x00000000800985ac                ps_guVecMultiplySR
                0x000000008009861c                ps_guQuatDotProduct
 .text          0x000000008009863c      0x1ac /opt/devkitpro/libogc/lib/wii/libogc.a(irq_handler.o)
                0x000000008009863c                irq_exceptionhandler
 .text          0x00000000800987e8      0x1ac /opt/devkitpro/libogc/lib/wii/libogc.a(decrementer_handler.o)
                0x00000000800987e8                dec_exceptionhandler
 .text          0x0000000080098994      0x35c /opt/devkitpro/libogc/lib/wii/libogc.a(exception_handler.o)
                0x0000000080098994                exceptionhandler_start
                0x0000000080098a10                exceptionhandler_patch
                0x0000000080098a44                exceptionhandler_end
                0x0000000080098a48                default_exceptionhandler
                0x0000000080098b78                fpu_exceptionhandler
                0x0000000080098cc0                systemcallhandler_start
                0x0000000080098cec                systemcallhandler_end
 .text          0x0000000080098cf0       0x48 /opt/devkitpro/devkitPPC/lib/gcc/powerpc-eabi/8.3.0/libgcc.a(eabi.o)
                0x0000000080098cf0                __eabi
 .text          0x0000000080098d38       0x58 /opt/devkitpro/devkitPPC/lib/gcc/powerpc-eabi/8.3.0/libgcc.a(crtresxgpr.o)
                0x0000000080098d38                _restgpr_14_x
                0x0000000080098d3c                _restgpr_15_x
                0x0000000080098d40                _restgpr_16_x
                0x0000000080098d44                _restgpr_17_x
                0x0000000080098d48                _restgpr_18_x
                0x0000000080098d4c                _restgpr_19_x
                0x0000000080098d50                _restgpr_20_x
                0x0000000080098d54                _restgpr_21_x
                0x0000000080098d58                _restgpr_22_x
                0x0000000080098d5c                _restgpr_23_x
                0x0000000080098d60                _restgpr_24_x
                0x0000000080098d64                _restgpr_25_x
                0x0000000080098d68                _restgpr_26_x
                0x0000000080098d6c                _restgpr_27_x
                0x0000000080098d70                _restgpr_28_x
                0x0000000080098d74                _restgpr_29_x
                0x0000000080098d78                _restgpr_30_x
                0x0000000080098d7c                _restgpr_31_x
 .text          0x0000000080098d90      0x180 /opt/devkitpro/devkitPPC/lib/gcc/powerpc-eabi/8.3.0/../../../../powerpc-eabi/lib/libc.a(lib_a-setjmp.o)
                0x0000000080098d90                setjmp
                0x0000000080098e4c                longjmp
 *(.text.*)
 .text.deregister_tm_clones
                0x0000000080098f10       0x30 /opt/devkitpro/devkitPPC/lib/gcc/powerpc-eabi/8.3.0/crtbegin.o
 .text.register_tm_clones
                0x0000000080098f40       0x3c /opt/devkitpro/devkitPPC/lib/gcc/powerpc-eabi/8.3.0/crtbegin.o
 .text.__do_global_dtors_aux
                0x0000000080098f7c       0xd0 /opt/devkitpro/devkitPPC/lib/gcc/powerpc-eabi/8.3.0/crtbegin.o
 .text.frame_dummy
                0x000000008009904c       0x44 /opt/devkitpro/devkitPPC/lib/gcc/powerpc-eabi/8.3.0/crtbegin.o
 .text.__crtmain
                0x0000000080099090       0x44 /opt/devkitpro/devkitPPC/lib/gcc/powerpc-eabi/8.3.0/../../../../powerpc-eabi/lib/crtmain.o
                0x0000000080099094                __crtmain
 .text.initMazeGrid
                0x00000000800990d4       0x68 maze.o
                0x00000000800990d4                initMazeGrid
 .text.generateMaze
                0x000000008009913c      0x5d8 maze.o
                0x000000008009913c                generateMaze
 .text.setupEndPoint
                0x0000000080099714      0x20c maze.o
                0x0000000080099714                setupEndPoint
 .text.prepareShow
                0x0000000080099920       0xd8 maze.o
                0x0000000080099920                prepareShow
 .text.startNewLevel
                0x00000000800999f8       0x38 maze.o
                0x00000000800999f8                startNewLevel
 .text.showMaze
                0x0000000080099a30      0x3f4 maze.o
                0x0000000080099a30                showMaze
 .text.firstSetupPlayers
                0x0000000080099e24       0x78 player.o
                0x0000000080099e24                firstSetupPlayers
 .text.setupPlayers
                0x0000000080099e9c      0x168 player.o
                0x0000000080099e9c                setupPlayers
 .text.thereIsPlayerInPos
                0x000000008009a004       0x54 player.o
                0x000000008009a004                thereIsPlayerInPos
 .text.areTherePlayersNearby
                0x000000008009a058       0x60 player.o
                0x000000008009a058                areTherePlayersNearby
 .text.updatePlayers
                0x000000008009a0b8       0xa4 player.o
                0x000000008009a0b8                updatePlayers
 .text.showPlayer
                0x000000008009a15c      0x528 player.o
                0x000000008009a15c                showPlayer
 .text.nPlayersPlaying
                0x000000008009a684       0x28 player.o
                0x000000008009a684                nPlayersPlaying
 .text.initVars
                0x000000008009a6ac       0x3c vars.o
                0x000000008009a6ac                initVars
 .text.draw     0x000000008009a6e8      0x10c main.o
                0x000000008009a6e8                draw
 .text.startup.main
                0x000000008009a7f4       0x7c main.o
                0x000000008009a7f4                main
 .text.initFonts
                0x000000008009a870       0x60 hud.o
                0x000000008009a870                initFonts
 .text.showScores
                0x000000008009a8d0      0x2c0 hud.o
                0x000000008009a8d0                showScores
 .text.updatePlayingPlayers
                0x000000008009ab90       0x98 control.o
                0x000000008009ab90                updatePlayingPlayers
 .text.updateControls
                0x000000008009ac28      0x2bc control.o
                0x000000008009ac28                updateControls
 .text.GRRLIB_Printf
                0x000000008009aee4      0x1a8 /opt/devkitpro/libogc/lib/wii/libgrrlib.a(GRRLIB_print.o)
                0x000000008009aee4                GRRLIB_Printf
 .text.GRRLIB_ClipReset
                0x000000008009b08c       0x3c /opt/devkitpro/libogc/lib/wii/libgrrlib.a(GRRLIB_core.o)
                0x000000008009b08c                GRRLIB_ClipReset
 .text.GRRLIB_Rectangle
                0x000000008009b0c8      0x154 /opt/devkitpro/libogc/lib/wii/libgrrlib.a(GRRLIB_core.o)
                0x000000008009b0c8                GRRLIB_Rectangle
 .text.GRRLIB_FillScreen
                0x000000008009b21c       0x78 /opt/devkitpro/libogc/lib/wii/libgrrlib.a(GRRLIB_core.o)
                0x000000008009b21c                GRRLIB_FillScreen
 .text.GRRLIB_Exit
                0x000000008009b294       0xfc /opt/devkitpro/libogc/lib/wii/libgrrlib.a(GRRLIB_core.o)
                0x000000008009b294                GRRLIB_Exit
 .text.GRRLIB_FreeTexture
                0x000000008009b390       0x4c /opt/devkitpro/libogc/lib/wii/libgrrlib.a(GRRLIB_core.o)
                0x000000008009b390                GRRLIB_FreeTexture
 .text.GRRLIB_Init
                0x000000008009b3dc      0x4f4 /opt/devkitpro/libogc/lib/wii/libgrrlib.a(GRRLIB_core.o)
                0x000000008009b3dc                GRRLIB_Init
 .text.GRRLIB_InitTTF
                0x000000008009b8d0       0x30 /opt/devkitpro/libogc/lib/wii/libgrrlib.a(GRRLIB_ttf.o)
                0x000000008009b8d0                GRRLIB_InitTTF
 .text.GRRLIB_ExitTTF
                0x000000008009b900        0xc /opt/devkitpro/libogc/lib/wii/libgrrlib.a(GRRLIB_ttf.o)
                0x000000008009b900                GRRLIB_ExitTTF
 .text.GRRLIB_CreatePalette
                0x000000008009b90c       0x84 /opt/devkitpro/libogc/lib/wii/libgrrlib.a(GRRLIB_texEdit.o)
 .text.GRRLIB_LoadTexturePNG
                0x000000008009b990      0x140 /opt/devkitpro/libogc/lib/wii/libgrrlib.a(GRRLIB_texEdit.o)
                0x000000008009b990                GRRLIB_LoadTexturePNG
 .text.GRRLIB_LoadTextureBMP
                0x000000008009bad0      0x698 /opt/devkitpro/libogc/lib/wii/libgrrlib.a(GRRLIB_texEdit.o)
                0x000000008009bad0                GRRLIB_LoadTextureBMP
 .text.GRRLIB_LoadTextureJPGEx
                0x000000008009c168      0x2e8 /opt/devkitpro/libogc/lib/wii/libgrrlib.a(GRRLIB_texEdit.o)
                0x000000008009c168                GRRLIB_LoadTextureJPGEx
 .text.GRRLIB_LoadTextureJPG
                0x000000008009c450       0x5c /opt/devkitpro/libogc/lib/wii/libgrrlib.a(GRRLIB_texEdit.o)
                0x000000008009c450                GRRLIB_LoadTextureJPG
 .text.GRRLIB_LoadTexture
                0x000000008009c4ac       0x4c /opt/devkitpro/libogc/lib/wii/libgrrlib.a(GRRLIB_texEdit.o)
                0x000000008009c4ac                GRRLIB_LoadTexture
 .text.GRRLIB_InitTileSet
                0x000000008009c4f8       0xc8 /opt/devkitpro/libogc/lib/wii/libgrrlib.a(GRRLIB_bmf.o)
                0x000000008009c4f8                GRRLIB_InitTileSet
 .text.GRRLIB_DrawTile
                0x000000008009c5c0      0x47c /opt/devkitpro/libogc/lib/wii/libgrrlib.a(GRRLIB_render.o)
                0x000000008009c5c0                GRRLIB_DrawTile
 .text.GRRLIB_Render
                0x000000008009ca3c       0xbc /opt/devkitpro/libogc/lib/wii/libgrrlib.a(GRRLIB_render.o)
                0x000000008009ca3c                GRRLIB_Render
 .text.pngu_read_data_from_buffer
                0x000000008009caf8       0x68 /opt/devkitpro/libogc/lib/wii/libpngu.a(pngu.o)
                0x000000008009caf8                pngu_read_data_from_buffer
 .text.pngu_free_info.part.0
                0x000000008009cb60       0x80 /opt/devkitpro/libogc/lib/wii/libpngu.a(pngu.o)
 .text.PNGU_SelectImageFromBuffer
                0x000000008009cbe0       0x78 /opt/devkitpro/libogc/lib/wii/libpngu.a(pngu.o)
                0x000000008009cbe0                PNGU_SelectImageFromBuffer
 .text.PNGU_ReleaseImageContext
                0x000000008009cc58       0x7c /opt/devkitpro/libogc/lib/wii/libpngu.a(pngu.o)
                0x000000008009cc58                PNGU_ReleaseImageContext
 .text.pngu_info
                0x000000008009ccd4      0x5a0 /opt/devkitpro/libogc/lib/wii/libpngu.a(pngu.o)
                0x000000008009ccd4                pngu_info
 .text.PNGU_GetImageProperties
                0x000000008009d274       0x98 /opt/devkitpro/libogc/lib/wii/libpngu.a(pngu.o)
                0x000000008009d274                PNGU_GetImageProperties
 .text.pngu_decode
                0x000000008009d30c      0x244 /opt/devkitpro/libogc/lib/wii/libpngu.a(pngu.o)
                0x000000008009d30c                pngu_decode
 .text.PNGU_DecodeTo4x4RGBA8
                0x000000008009d550      0x3c8 /opt/devkitpro/libogc/lib/wii/libpngu.a(pngu.o)
                0x000000008009d550                PNGU_DecodeTo4x4RGBA8
 .text.png_default_read_data
                0x000000008009d918       0x60 /opt/devkitpro/libogc/lib/wii/libpng.a(pngrio.o)
                0x000000008009d918                png_default_read_data
 .text.png_read_data
                0x000000008009d978       0x2c /opt/devkitpro/libogc/lib/wii/libpng.a(pngrio.o)
                0x000000008009d978                png_read_data
 .text.png_set_read_fn
                0x000000008009d9a4       0x74 /opt/devkitpro/libogc/lib/wii/libpng.a(pngrio.o)
                0x000000008009d9a4                png_set_read_fn
 .text.png_set_packing
                0x000000008009da18       0x2c /opt/devkitpro/libogc/lib/wii/libpng.a(pngtrans.o)
                0x000000008009da18                png_set_packing
 .text.png_set_interlace_handling
                0x000000008009da44       0x34 /opt/devkitpro/libogc/lib/wii/libpng.a(pngtrans.o)
                0x000000008009da44                png_set_interlace_handling
 .text.png_do_invert
                0x000000008009da78       0xf8 /opt/devkitpro/libogc/lib/wii/libpng.a(pngtrans.o)
                0x000000008009da78                png_do_invert
 .text.png_do_swap
                0x000000008009db70       0x3c /opt/devkitpro/libogc/lib/wii/libpng.a(pngtrans.o)
                0x000000008009db70                png_do_swap
 .text.png_do_packswap
                0x000000008009dbac       0x84 /opt/devkitpro/libogc/lib/wii/libpng.a(pngtrans.o)
                0x000000008009dbac                png_do_packswap
 .text.png_do_strip_channel
                0x000000008009dc30      0x250 /opt/devkitpro/libogc/lib/wii/libpng.a(pngtrans.o)
                0x000000008009dc30                png_do_strip_channel
 .text.png_do_bgr
                0x000000008009de80      0x104 /opt/devkitpro/libogc/lib/wii/libpng.a(pngtrans.o)
                0x000000008009de80                png_do_bgr
 .text.png_build_16bit_table
                0x000000008009df84      0x250 /opt/devkitpro/libogc/lib/wii/libpng.a(png.o)
 .text.png_muldiv.part.1
                0x000000008009e1d4       0xd4 /opt/devkitpro/libogc/lib/wii/libpng.a(png.o)
 .text.png_gamma_8bit_correct.part.2
                0x000000008009e2a8       0x9c /opt/devkitpro/libogc/lib/wii/libpng.a(png.o)
 .text.png_build_8bit_table
                0x000000008009e344       0xbc /opt/devkitpro/libogc/lib/wii/libpng.a(png.o)
 .text.png_gamma_16bit_correct.part.3
                0x000000008009e400       0x9c /opt/devkitpro/libogc/lib/wii/libpng.a(png.o)
 .text.png_set_sig_bytes
                0x000000008009e49c       0x3c /opt/devkitpro/libogc/lib/wii/libpng.a(png.o)
                0x000000008009e49c                png_set_sig_bytes
 .text.png_sig_cmp
                0x000000008009e4d8       0x80 /opt/devkitpro/libogc/lib/wii/libpng.a(png.o)
                0x000000008009e4d8                png_sig_cmp
 .text.png_zalloc
                0x000000008009e558       0x68 /opt/devkitpro/libogc/lib/wii/libpng.a(png.o)
                0x000000008009e558                png_zalloc
 .text.png_zfree
                0x000000008009e5c0        0x4 /opt/devkitpro/libogc/lib/wii/libpng.a(png.o)
                0x000000008009e5c0                png_zfree
 .text.png_reset_crc
                0x000000008009e5c4       0x3c /opt/devkitpro/libogc/lib/wii/libpng.a(png.o)
                0x000000008009e5c4                png_reset_crc
 .text.png_calculate_crc
                0x000000008009e600       0x6c /opt/devkitpro/libogc/lib/wii/libpng.a(png.o)
                0x000000008009e600                png_calculate_crc
 .text.png_user_version_check
                0x000000008009e66c      0x144 /opt/devkitpro/libogc/lib/wii/libpng.a(png.o)
                0x000000008009e66c                png_user_version_check
 .text.png_info_init_3
                0x000000008009e7b0       0x74 /opt/devkitpro/libogc/lib/wii/libpng.a(png.o)
                0x000000008009e7b0                png_info_init_3
 .text.png_create_info_struct
                0x000000008009e824       0x58 /opt/devkitpro/libogc/lib/wii/libpng.a(png.o)
                0x000000008009e824                png_create_info_struct
 .text.png_free_data
                0x000000008009e87c       0x14 /opt/devkitpro/libogc/lib/wii/libpng.a(png.o)
                0x000000008009e87c                png_free_data
 .text.png_free_data.part.0
                0x000000008009e890      0x4f0 /opt/devkitpro/libogc/lib/wii/libpng.a(png.o)
 .text.png_info_destroy
                0x000000008009ed80       0x94 /opt/devkitpro/libogc/lib/wii/libpng.a(png.o)
                0x000000008009ed80                png_info_destroy
 .text.png_get_io_ptr
                0x000000008009ee14       0x18 /opt/devkitpro/libogc/lib/wii/libpng.a(png.o)
                0x000000008009ee14                png_get_io_ptr
 .text.png_init_io
                0x000000008009ee2c       0x10 /opt/devkitpro/libogc/lib/wii/libpng.a(png.o)
                0x000000008009ee2c                png_init_io
 .text.png_handle_as_unknown
                0x000000008009ee3c       0x58 /opt/devkitpro/libogc/lib/wii/libpng.a(png.o)
                0x000000008009ee3c                png_handle_as_unknown
 .text.png_chunk_unknown_handling
                0x000000008009ee94       0x30 /opt/devkitpro/libogc/lib/wii/libpng.a(png.o)
                0x000000008009ee94                png_chunk_unknown_handling
 .text.png_check_cHRM_fixed
                0x000000008009eec4      0x250 /opt/devkitpro/libogc/lib/wii/libpng.a(png.o)
                0x000000008009eec4                png_check_cHRM_fixed
 .text.png_check_IHDR
                0x000000008009f114      0x348 /opt/devkitpro/libogc/lib/wii/libpng.a(png.o)
                0x000000008009f114                png_check_IHDR
 .text.png_check_fp_number
                0x000000008009f45c      0x158 /opt/devkitpro/libogc/lib/wii/libpng.a(png.o)
                0x000000008009f45c                png_check_fp_number
 .text.png_check_fp_string
                0x000000008009f5b4       0x8c /opt/devkitpro/libogc/lib/wii/libpng.a(png.o)
                0x000000008009f5b4                png_check_fp_string
 .text.png_muldiv
                0x000000008009f640       0x34 /opt/devkitpro/libogc/lib/wii/libpng.a(png.o)
                0x000000008009f640                png_muldiv
 .text.png_reciprocal
                0x000000008009f674       0xa4 /opt/devkitpro/libogc/lib/wii/libpng.a(png.o)
                0x000000008009f674                png_reciprocal
 .text.png_XYZ_from_xy
                0x000000008009f718      0x6e8 /opt/devkitpro/libogc/lib/wii/libpng.a(png.o)
                0x000000008009f718                png_XYZ_from_xy
 .text.png_XYZ_from_xy_checked
                0x000000008009fe00       0xc0 /opt/devkitpro/libogc/lib/wii/libpng.a(png.o)
                0x000000008009fe00                png_XYZ_from_xy_checked
 .text.png_reciprocal2
                0x000000008009fec0       0xbc /opt/devkitpro/libogc/lib/wii/libpng.a(png.o)
                0x000000008009fec0                png_reciprocal2
 .text.png_gamma_8bit_correct
                0x000000008009ff7c       0x18 /opt/devkitpro/libogc/lib/wii/libpng.a(png.o)
                0x000000008009ff7c                png_gamma_8bit_correct
 .text.png_gamma_correct
                0x000000008009ff94       0x6c /opt/devkitpro/libogc/lib/wii/libpng.a(png.o)
                0x000000008009ff94                png_gamma_correct
 .text.png_gamma_significant
                0x00000000800a0000       0x18 /opt/devkitpro/libogc/lib/wii/libpng.a(png.o)
                0x00000000800a0000                png_gamma_significant
 .text.png_destroy_gamma_table
                0x00000000800a0018      0x164 /opt/devkitpro/libogc/lib/wii/libpng.a(png.o)
                0x00000000800a0018                png_destroy_gamma_table
 .text.png_build_gamma_table
                0x00000000800a017c      0x57c /opt/devkitpro/libogc/lib/wii/libpng.a(png.o)
                0x00000000800a017c                png_build_gamma_table
 .text.png_format_buffer.isra.0
                0x00000000800a06f8      0x134 /opt/devkitpro/libogc/lib/wii/libpng.a(pngerror.o)
 .text.png_default_warning.isra.1
                0x00000000800a082c       0x50 /opt/devkitpro/libogc/lib/wii/libpng.a(pngerror.o)
 .text.png_safecat
                0x00000000800a087c       0x6c /opt/devkitpro/libogc/lib/wii/libpng.a(pngerror.o)
                0x00000000800a087c                png_safecat
 .text.png_format_number
                0x00000000800a08e8      0x170 /opt/devkitpro/libogc/lib/wii/libpng.a(pngerror.o)
                0x00000000800a08e8                png_format_number
 .text.png_warning
                0x00000000800a0a58       0x70 /opt/devkitpro/libogc/lib/wii/libpng.a(pngerror.o)
                0x00000000800a0a58                png_warning
 .text.png_warning_parameter
                0x00000000800a0ac8       0x7c /opt/devkitpro/libogc/lib/wii/libpng.a(pngerror.o)
                0x00000000800a0ac8                png_warning_parameter
 .text.png_warning_parameter_unsigned
                0x00000000800a0b44       0x50 /opt/devkitpro/libogc/lib/wii/libpng.a(pngerror.o)
                0x00000000800a0b44                png_warning_parameter_unsigned
 .text.png_warning_parameter_signed
                0x00000000800a0b94       0xd8 /opt/devkitpro/libogc/lib/wii/libpng.a(pngerror.o)
                0x00000000800a0b94                png_warning_parameter_signed
 .text.png_formatted_warning
                0x00000000800a0c6c      0x11c /opt/devkitpro/libogc/lib/wii/libpng.a(pngerror.o)
                0x00000000800a0c6c                png_formatted_warning
 .text.png_chunk_warning
                0x00000000800a0d88       0x64 /opt/devkitpro/libogc/lib/wii/libpng.a(pngerror.o)
                0x00000000800a0d88                png_chunk_warning
 .text.png_set_longjmp_fn
                0x00000000800a0dec       0x28 /opt/devkitpro/libogc/lib/wii/libpng.a(pngerror.o)
                0x00000000800a0dec                png_set_longjmp_fn
 .text.png_longjmp
                0x00000000800a0e14       0x2c /opt/devkitpro/libogc/lib/wii/libpng.a(pngerror.o)
                0x00000000800a0e14                png_longjmp
 .text.png_default_error
                0x00000000800a0e40       0x64 /opt/devkitpro/libogc/lib/wii/libpng.a(pngerror.o)
 .text.png_error
                0x00000000800a0ea4       0x40 /opt/devkitpro/libogc/lib/wii/libpng.a(pngerror.o)
                0x00000000800a0ea4                png_error
 .text.png_benign_error
                0x00000000800a0ee4       0x20 /opt/devkitpro/libogc/lib/wii/libpng.a(pngerror.o)
                0x00000000800a0ee4                png_benign_error
 .text.png_chunk_error
                0x00000000800a0f04       0x38 /opt/devkitpro/libogc/lib/wii/libpng.a(pngerror.o)
                0x00000000800a0f04                png_chunk_error
 .text.png_chunk_benign_error
                0x00000000800a0f3c       0x20 /opt/devkitpro/libogc/lib/wii/libpng.a(pngerror.o)
                0x00000000800a0f3c                png_chunk_benign_error
 .text.png_set_error_fn
                0x00000000800a0f5c       0x18 /opt/devkitpro/libogc/lib/wii/libpng.a(pngerror.o)
                0x00000000800a0f5c                png_set_error_fn
 .text.png_do_expand_16.part.5
                0x00000000800a0f74       0x4c /opt/devkitpro/libogc/lib/wii/libpng.a(pngrtran.o)
 .text.png_set_strip_16
                0x00000000800a0fc0       0x18 /opt/devkitpro/libogc/lib/wii/libpng.a(pngrtran.o)
                0x00000000800a0fc0                png_set_strip_16
 .text.png_set_strip_alpha
                0x00000000800a0fd8       0x18 /opt/devkitpro/libogc/lib/wii/libpng.a(pngrtran.o)
                0x00000000800a0fd8                png_set_strip_alpha
 .text.png_set_gray_to_rgb
                0x00000000800a0ff0       0x24 /opt/devkitpro/libogc/lib/wii/libpng.a(pngrtran.o)
                0x00000000800a0ff0                png_set_gray_to_rgb
 .text.png_init_read_transformations
                0x00000000800a1014      0xd08 /opt/devkitpro/libogc/lib/wii/libpng.a(pngrtran.o)
                0x00000000800a1014                png_init_read_transformations
 .text.png_read_transform_info
                0x00000000800a1d1c      0x2c0 /opt/devkitpro/libogc/lib/wii/libpng.a(pngrtran.o)
                0x00000000800a1d1c                png_read_transform_info
 .text.png_do_unpack
                0x00000000800a1fdc      0x1dc /opt/devkitpro/libogc/lib/wii/libpng.a(pngrtran.o)
                0x00000000800a1fdc                png_do_unpack
 .text.png_do_unshift
                0x00000000800a21b8      0x230 /opt/devkitpro/libogc/lib/wii/libpng.a(pngrtran.o)
                0x00000000800a21b8                png_do_unshift
 .text.png_do_scale_16_to_8
                0x00000000800a23e8       0x74 /opt/devkitpro/libogc/lib/wii/libpng.a(pngrtran.o)
                0x00000000800a23e8                png_do_scale_16_to_8
 .text.png_do_chop
                0x00000000800a245c       0x58 /opt/devkitpro/libogc/lib/wii/libpng.a(pngrtran.o)
                0x00000000800a245c                png_do_chop
 .text.png_do_read_swap_alpha
                0x00000000800a24b4      0x120 /opt/devkitpro/libogc/lib/wii/libpng.a(pngrtran.o)
                0x00000000800a24b4                png_do_read_swap_alpha
 .text.png_do_read_invert_alpha
                0x00000000800a25d4       0xe8 /opt/devkitpro/libogc/lib/wii/libpng.a(pngrtran.o)
                0x00000000800a25d4                png_do_read_invert_alpha
 .text.png_do_read_filler
                0x00000000800a26bc      0x350 /opt/devkitpro/libogc/lib/wii/libpng.a(pngrtran.o)
                0x00000000800a26bc                png_do_read_filler
 .text.png_do_gray_to_rgb
                0x00000000800a2a0c      0x218 /opt/devkitpro/libogc/lib/wii/libpng.a(pngrtran.o)
                0x00000000800a2a0c                png_do_gray_to_rgb
 .text.png_do_rgb_to_gray
                0x00000000800a2c24      0x4f0 /opt/devkitpro/libogc/lib/wii/libpng.a(pngrtran.o)
                0x00000000800a2c24                png_do_rgb_to_gray
 .text.png_do_compose
                0x00000000800a3114     0x1008 /opt/devkitpro/libogc/lib/wii/libpng.a(pngrtran.o)
                0x00000000800a3114                png_do_compose
 .text.png_do_gamma
                0x00000000800a411c      0x4d0 /opt/devkitpro/libogc/lib/wii/libpng.a(pngrtran.o)
                0x00000000800a411c                png_do_gamma
 .text.png_do_encode_alpha
                0x00000000800a45ec       0xf4 /opt/devkitpro/libogc/lib/wii/libpng.a(pngrtran.o)
                0x00000000800a45ec                png_do_encode_alpha
 .text.png_do_expand_palette
                0x00000000800a46e0      0x2d4 /opt/devkitpro/libogc/lib/wii/libpng.a(pngrtran.o)
                0x00000000800a46e0                png_do_expand_palette
 .text.png_do_expand
                0x00000000800a49b4      0x668 /opt/devkitpro/libogc/lib/wii/libpng.a(pngrtran.o)
                0x00000000800a49b4                png_do_expand
 .text.png_do_quantize
                0x00000000800a501c      0x13c /opt/devkitpro/libogc/lib/wii/libpng.a(pngrtran.o)
                0x00000000800a501c                png_do_quantize
 .text.png_do_read_transformations
                0x00000000800a5158      0x5b8 /opt/devkitpro/libogc/lib/wii/libpng.a(pngrtran.o)
                0x00000000800a5158                png_do_read_transformations
 .text.png_do_read_intrapixel
                0x00000000800a5710       0xdc /opt/devkitpro/libogc/lib/wii/libpng.a(pngrtran.o)
                0x00000000800a5710                png_do_read_intrapixel
 .text.png_set_cHRM_fixed.part.0
                0x00000000800a57ec       0xd8 /opt/devkitpro/libogc/lib/wii/libpng.a(pngset.o)
 .text.png_set_text_2.part.4
                0x00000000800a58c4      0x444 /opt/devkitpro/libogc/lib/wii/libpng.a(pngset.o)
 .text.png_set_bKGD
                0x00000000800a5d08       0x38 /opt/devkitpro/libogc/lib/wii/libpng.a(pngset.o)
                0x00000000800a5d08                png_set_bKGD
 .text.png_set_cHRM_fixed
                0x00000000800a5d40       0x14 /opt/devkitpro/libogc/lib/wii/libpng.a(pngset.o)
                0x00000000800a5d40                png_set_cHRM_fixed
 .text.png_set_gAMA_fixed
                0x00000000800a5d54       0x44 /opt/devkitpro/libogc/lib/wii/libpng.a(pngset.o)
                0x00000000800a5d54                png_set_gAMA_fixed
 .text.png_set_hIST
                0x00000000800a5d98      0x124 /opt/devkitpro/libogc/lib/wii/libpng.a(pngset.o)
                0x00000000800a5d98                png_set_hIST
 .text.png_set_IHDR
                0x00000000800a5ebc      0x164 /opt/devkitpro/libogc/lib/wii/libpng.a(pngset.o)
                0x00000000800a5ebc                png_set_IHDR
 .text.png_set_oFFs
                0x00000000800a6020       0x2c /opt/devkitpro/libogc/lib/wii/libpng.a(pngset.o)
                0x00000000800a6020                png_set_oFFs
 .text.png_set_pCAL
                0x00000000800a604c      0x2c4 /opt/devkitpro/libogc/lib/wii/libpng.a(pngset.o)
                0x00000000800a604c                png_set_pCAL
 .text.png_set_sCAL_s
                0x00000000800a6310      0x1d4 /opt/devkitpro/libogc/lib/wii/libpng.a(pngset.o)
                0x00000000800a6310                png_set_sCAL_s
 .text.png_set_pHYs
                0x00000000800a64e4       0x2c /opt/devkitpro/libogc/lib/wii/libpng.a(pngset.o)
                0x00000000800a64e4                png_set_pHYs
 .text.png_set_PLTE
                0x00000000800a6510      0x100 /opt/devkitpro/libogc/lib/wii/libpng.a(pngset.o)
                0x00000000800a6510                png_set_PLTE
 .text.png_set_sBIT
                0x00000000800a6610       0x30 /opt/devkitpro/libogc/lib/wii/libpng.a(pngset.o)
                0x00000000800a6610                png_set_sBIT
 .text.png_set_sRGB_gAMA_and_cHRM
                0x00000000800a6640       0x84 /opt/devkitpro/libogc/lib/wii/libpng.a(pngset.o)
                0x00000000800a6640                png_set_sRGB_gAMA_and_cHRM
 .text.png_set_iCCP
                0x00000000800a66c4      0x170 /opt/devkitpro/libogc/lib/wii/libpng.a(pngset.o)
                0x00000000800a66c4                png_set_iCCP
 .text.png_set_text_2
                0x00000000800a6834       0x24 /opt/devkitpro/libogc/lib/wii/libpng.a(pngset.o)
                0x00000000800a6834                png_set_text_2
 .text.png_set_tIME
                0x00000000800a6858       0x94 /opt/devkitpro/libogc/lib/wii/libpng.a(pngset.o)
                0x00000000800a6858                png_set_tIME
 .text.png_set_tRNS
                0x00000000800a68ec      0x1c8 /opt/devkitpro/libogc/lib/wii/libpng.a(pngset.o)
                0x00000000800a68ec                png_set_tRNS
 .text.png_set_sPLT
                0x00000000800a6ab4      0x200 /opt/devkitpro/libogc/lib/wii/libpng.a(pngset.o)
                0x00000000800a6ab4                png_set_sPLT
 .text.png_set_unknown_chunks
                0x00000000800a6cb4      0x1fc /opt/devkitpro/libogc/lib/wii/libpng.a(pngset.o)
                0x00000000800a6cb4                png_set_unknown_chunks
 .text.png_read_info.part.0
                0x00000000800a6eb0      0x4a8 /opt/devkitpro/libogc/lib/wii/libpng.a(pngread.o)
 .text.png_create_read_struct_2
                0x00000000800a7358      0x2b8 /opt/devkitpro/libogc/lib/wii/libpng.a(pngread.o)
                0x00000000800a7358                png_create_read_struct_2
 .text.png_create_read_struct
                0x00000000800a7610       0x10 /opt/devkitpro/libogc/lib/wii/libpng.a(pngread.o)
                0x00000000800a7610                png_create_read_struct
 .text.png_read_info
                0x00000000800a7620       0x14 /opt/devkitpro/libogc/lib/wii/libpng.a(pngread.o)
                0x00000000800a7620                png_read_info
 .text.png_read_update_info
                0x00000000800a7634       0x50 /opt/devkitpro/libogc/lib/wii/libpng.a(pngread.o)
                0x00000000800a7634                png_read_update_info
 .text.png_read_row
                0x00000000800a7684      0x4f8 /opt/devkitpro/libogc/lib/wii/libpng.a(pngread.o)
                0x00000000800a7684                png_read_row
 .text.png_read_image
                0x00000000800a7b7c      0x130 /opt/devkitpro/libogc/lib/wii/libpng.a(pngread.o)
                0x00000000800a7b7c                png_read_image
 .text.png_read_destroy
                0x00000000800a7cac      0x1a8 /opt/devkitpro/libogc/lib/wii/libpng.a(pngread.o)
                0x00000000800a7cac                png_read_destroy
 .text.png_destroy_read_struct
                0x00000000800a7e54      0x188 /opt/devkitpro/libogc/lib/wii/libpng.a(pngread.o)
                0x00000000800a7e54                png_destroy_read_struct
 .text.png_get_rowbytes
                0x00000000800a7fdc       0x24 /opt/devkitpro/libogc/lib/wii/libpng.a(pngget.o)
                0x00000000800a7fdc                png_get_rowbytes
 .text.png_get_bKGD
                0x00000000800a8000       0x44 /opt/devkitpro/libogc/lib/wii/libpng.a(pngget.o)
                0x00000000800a8000                png_get_bKGD
 .text.png_get_IHDR
                0x00000000800a8044       0xd0 /opt/devkitpro/libogc/lib/wii/libpng.a(pngget.o)
                0x00000000800a8044                png_get_IHDR
 .text.png_get_tRNS
                0x00000000800a8114       0xa0 /opt/devkitpro/libogc/lib/wii/libpng.a(pngget.o)
                0x00000000800a8114                png_get_tRNS
 .text.png_read_filter_row_sub
                0x00000000800a81b4       0x44 /opt/devkitpro/libogc/lib/wii/libpng.a(pngrutil.o)
 .text.png_read_filter_row_up
                0x00000000800a81f8       0x30 /opt/devkitpro/libogc/lib/wii/libpng.a(pngrutil.o)
 .text.png_read_filter_row_avg
                0x00000000800a8228       0x88 /opt/devkitpro/libogc/lib/wii/libpng.a(pngrutil.o)
 .text.png_read_filter_row_paeth_1byte_pixel
                0x00000000800a82b0       0x9c /opt/devkitpro/libogc/lib/wii/libpng.a(pngrutil.o)
 .text.png_read_filter_row_paeth_multibyte_pixel
                0x00000000800a834c       0xec /opt/devkitpro/libogc/lib/wii/libpng.a(pngrutil.o)
 .text.png_inflate.part.1
                0x00000000800a8438      0x1c8 /opt/devkitpro/libogc/lib/wii/libpng.a(pngrutil.o)
 .text.png_crc_read.part.2
                0x00000000800a8600       0x50 /opt/devkitpro/libogc/lib/wii/libpng.a(pngrutil.o)
 .text.png_get_fixed_point.constprop.4
                0x00000000800a8650       0x34 /opt/devkitpro/libogc/lib/wii/libpng.a(pngrutil.o)
 .text.png_get_uint_31
                0x00000000800a8684       0x4c /opt/devkitpro/libogc/lib/wii/libpng.a(pngrutil.o)
                0x00000000800a8684                png_get_uint_31
 .text.png_read_sig
                0x00000000800a86d0       0xf0 /opt/devkitpro/libogc/lib/wii/libpng.a(pngrutil.o)
                0x00000000800a86d0                png_read_sig
 .text.png_crc_read
                0x00000000800a87c0        0xc /opt/devkitpro/libogc/lib/wii/libpng.a(pngrutil.o)
                0x00000000800a87c0                png_crc_read
 .text.png_crc_error
                0x00000000800a87cc       0xcc /opt/devkitpro/libogc/lib/wii/libpng.a(pngrutil.o)
                0x00000000800a87cc                png_crc_error
 .text.png_crc_finish
                0x00000000800a8898      0x130 /opt/devkitpro/libogc/lib/wii/libpng.a(pngrutil.o)
                0x00000000800a8898                png_crc_finish
 .text.png_decompress_chunk
                0x00000000800a89c8      0x254 /opt/devkitpro/libogc/lib/wii/libpng.a(pngrutil.o)
                0x00000000800a89c8                png_decompress_chunk
 .text.png_handle_IHDR
                0x00000000800a8c1c      0x1c0 /opt/devkitpro/libogc/lib/wii/libpng.a(pngrutil.o)
                0x00000000800a8c1c                png_handle_IHDR
 .text.png_handle_PLTE
                0x00000000800a8ddc      0x2c0 /opt/devkitpro/libogc/lib/wii/libpng.a(pngrutil.o)
                0x00000000800a8ddc                png_handle_PLTE
 .text.png_handle_IEND
                0x00000000800a909c       0x90 /opt/devkitpro/libogc/lib/wii/libpng.a(pngrutil.o)
                0x00000000800a909c                png_handle_IEND
 .text.png_handle_gAMA
                0x00000000800a912c      0x204 /opt/devkitpro/libogc/lib/wii/libpng.a(pngrutil.o)
                0x00000000800a912c                png_handle_gAMA
 .text.png_handle_sBIT
                0x00000000800a9330      0x1b4 /opt/devkitpro/libogc/lib/wii/libpng.a(pngrutil.o)
                0x00000000800a9330                png_handle_sBIT
 .text.png_handle_cHRM
                0x00000000800a94e4      0x594 /opt/devkitpro/libogc/lib/wii/libpng.a(pngrutil.o)
                0x00000000800a94e4                png_handle_cHRM
 .text.png_handle_sRGB
                0x00000000800a9a78      0x2c4 /opt/devkitpro/libogc/lib/wii/libpng.a(pngrutil.o)
                0x00000000800a9a78                png_handle_sRGB
 .text.png_handle_iCCP
                0x00000000800a9d3c      0x320 /opt/devkitpro/libogc/lib/wii/libpng.a(pngrutil.o)
                0x00000000800a9d3c                png_handle_iCCP
 .text.png_handle_sPLT
                0x00000000800aa05c      0x3e4 /opt/devkitpro/libogc/lib/wii/libpng.a(pngrutil.o)
                0x00000000800aa05c                png_handle_sPLT
 .text.png_handle_tRNS
                0x00000000800aa440      0x29c /opt/devkitpro/libogc/lib/wii/libpng.a(pngrutil.o)
                0x00000000800aa440                png_handle_tRNS
 .text.png_handle_bKGD
                0x00000000800aa6dc      0x29c /opt/devkitpro/libogc/lib/wii/libpng.a(pngrutil.o)
                0x00000000800aa6dc                png_handle_bKGD
 .text.png_handle_hIST
                0x00000000800aa978      0x1d0 /opt/devkitpro/libogc/lib/wii/libpng.a(pngrutil.o)
                0x00000000800aa978                png_handle_hIST
 .text.png_handle_pHYs
                0x00000000800aab48      0x198 /opt/devkitpro/libogc/lib/wii/libpng.a(pngrutil.o)
                0x00000000800aab48                png_handle_pHYs
 .text.png_handle_oFFs
                0x00000000800aace0      0x198 /opt/devkitpro/libogc/lib/wii/libpng.a(pngrutil.o)
                0x00000000800aace0                png_handle_oFFs
 .text.png_handle_pCAL
                0x00000000800aae78      0x500 /opt/devkitpro/libogc/lib/wii/libpng.a(pngrutil.o)
                0x00000000800aae78                png_handle_pCAL
 .text.png_handle_sCAL
                0x00000000800ab378      0x2e4 /opt/devkitpro/libogc/lib/wii/libpng.a(pngrutil.o)
                0x00000000800ab378                png_handle_sCAL
 .text.png_handle_tIME
                0x00000000800ab65c      0x148 /opt/devkitpro/libogc/lib/wii/libpng.a(pngrutil.o)
                0x00000000800ab65c                png_handle_tIME
 .text.png_handle_tEXt
                0x00000000800ab7a4      0x2dc /opt/devkitpro/libogc/lib/wii/libpng.a(pngrutil.o)
                0x00000000800ab7a4                png_handle_tEXt
 .text.png_handle_zTXt
                0x00000000800aba80      0x30c /opt/devkitpro/libogc/lib/wii/libpng.a(pngrutil.o)
                0x00000000800aba80                png_handle_zTXt
 .text.png_handle_iTXt
                0x00000000800abd8c      0x3f8 /opt/devkitpro/libogc/lib/wii/libpng.a(pngrutil.o)
                0x00000000800abd8c                png_handle_iTXt
 .text.png_handle_unknown
                0x00000000800ac184      0x218 /opt/devkitpro/libogc/lib/wii/libpng.a(pngrutil.o)
                0x00000000800ac184                png_handle_unknown
 .text.png_check_chunk_name
                0x00000000800ac39c       0x48 /opt/devkitpro/libogc/lib/wii/libpng.a(pngrutil.o)
                0x00000000800ac39c                png_check_chunk_name
 .text.png_read_chunk_header
                0x00000000800ac3e4       0x8c /opt/devkitpro/libogc/lib/wii/libpng.a(pngrutil.o)
                0x00000000800ac3e4                png_read_chunk_header
 .text.png_combine_row
                0x00000000800ac470      0x5ec /opt/devkitpro/libogc/lib/wii/libpng.a(pngrutil.o)
                0x00000000800ac470                png_combine_row
 .text.png_do_read_interlace
                0x00000000800aca5c      0x484 /opt/devkitpro/libogc/lib/wii/libpng.a(pngrutil.o)
                0x00000000800aca5c                png_do_read_interlace
 .text.png_read_filter_row
                0x00000000800acee0       0xb0 /opt/devkitpro/libogc/lib/wii/libpng.a(pngrutil.o)
                0x00000000800acee0                png_read_filter_row
 .text.png_read_finish_row
                0x00000000800acf90      0x364 /opt/devkitpro/libogc/lib/wii/libpng.a(pngrutil.o)
                0x00000000800acf90                png_read_finish_row
 .text.png_read_start_row
                0x00000000800ad2f4      0x37c /opt/devkitpro/libogc/lib/wii/libpng.a(pngrutil.o)
                0x00000000800ad2f4                png_read_start_row
 .text.png_destroy_struct_2.part.0
                0x00000000800ad670       0x34 /opt/devkitpro/libogc/lib/wii/libpng.a(pngmem.o)
 .text.png_create_struct_2
                0x00000000800ad6a4       0xd0 /opt/devkitpro/libogc/lib/wii/libpng.a(pngmem.o)
                0x00000000800ad6a4                png_create_struct_2
 .text.png_create_struct
                0x00000000800ad774        0xc /opt/devkitpro/libogc/lib/wii/libpng.a(pngmem.o)
                0x00000000800ad774                png_create_struct
 .text.png_destroy_struct
                0x00000000800ad780        0xc /opt/devkitpro/libogc/lib/wii/libpng.a(pngmem.o)
                0x00000000800ad780                png_destroy_struct
 .text.png_destroy_struct_2
                0x00000000800ad78c       0x18 /opt/devkitpro/libogc/lib/wii/libpng.a(pngmem.o)
                0x00000000800ad78c                png_destroy_struct_2
 .text.png_malloc
                0x00000000800ad7a4       0x90 /opt/devkitpro/libogc/lib/wii/libpng.a(pngmem.o)
                0x00000000800ad7a4                png_malloc
 .text.png_calloc
                0x00000000800ad834       0x4c /opt/devkitpro/libogc/lib/wii/libpng.a(pngmem.o)
                0x00000000800ad834                png_calloc
 .text.png_free
                0x00000000800ad880       0x2c /opt/devkitpro/libogc/lib/wii/libpng.a(pngmem.o)
                0x00000000800ad880                png_free
 .text.png_malloc_warn
                0x00000000800ad8ac       0x58 /opt/devkitpro/libogc/lib/wii/libpng.a(pngmem.o)
                0x00000000800ad8ac                png_malloc_warn
 .text.png_set_mem_fn
                0x00000000800ad904       0x18 /opt/devkitpro/libogc/lib/wii/libpng.a(pngmem.o)
                0x00000000800ad904                png_set_mem_fn
 .text.output_pass_setup
                0x00000000800ad91c      0x15c /opt/devkitpro/libogc/lib/wii/libjpeg.a(jdapistd.o)
 .text.jpeg_start_decompress
                0x00000000800ada78      0x164 /opt/devkitpro/libogc/lib/wii/libjpeg.a(jdapistd.o)
                0x00000000800ada78                jpeg_start_decompress
 .text.jpeg_read_scanlines
                0x00000000800adbdc      0x114 /opt/devkitpro/libogc/lib/wii/libjpeg.a(jdapistd.o)
                0x00000000800adbdc                jpeg_read_scanlines
 .text.emit_message
                0x00000000800adcf0       0x88 /opt/devkitpro/libogc/lib/wii/libjpeg.a(jerror.o)
 .text.reset_error_mgr
                0x00000000800add78       0x14 /opt/devkitpro/libogc/lib/wii/libjpeg.a(jerror.o)
 .text.format_message
                0x00000000800add8c      0x100 /opt/devkitpro/libogc/lib/wii/libjpeg.a(jerror.o)
 .text.output_message
                0x00000000800ade8c       0x50 /opt/devkitpro/libogc/lib/wii/libjpeg.a(jerror.o)
 .text.error_exit
                0x00000000800adedc       0x34 /opt/devkitpro/libogc/lib/wii/libjpeg.a(jerror.o)
 .text.jpeg_std_error
                0x00000000800adf10       0x70 /opt/devkitpro/libogc/lib/wii/libjpeg.a(jerror.o)
                0x00000000800adf10                jpeg_std_error
 .text.jpeg_CreateDecompress
                0x00000000800adf80      0x128 /opt/devkitpro/libogc/lib/wii/libjpeg.a(jdapimin.o)
                0x00000000800adf80                jpeg_CreateDecompress
 .text.jpeg_destroy_decompress
                0x00000000800ae0a8        0x4 /opt/devkitpro/libogc/lib/wii/libjpeg.a(jdapimin.o)
                0x00000000800ae0a8                jpeg_destroy_decompress
 .text.jpeg_consume_input
                0x00000000800ae0ac      0x328 /opt/devkitpro/libogc/lib/wii/libjpeg.a(jdapimin.o)
                0x00000000800ae0ac                jpeg_consume_input
 .text.jpeg_read_header
                0x00000000800ae3d4       0xd4 /opt/devkitpro/libogc/lib/wii/libjpeg.a(jdapimin.o)
                0x00000000800ae3d4                jpeg_read_header
 .text.jpeg_finish_decompress
                0x00000000800ae4a8      0x120 /opt/devkitpro/libogc/lib/wii/libjpeg.a(jdapimin.o)
                0x00000000800ae4a8                jpeg_finish_decompress
 .text.prepare_for_output_pass
                0x00000000800ae5c8      0x234 /opt/devkitpro/libogc/lib/wii/libjpeg.a(jdmaster.o)
 .text.finish_output_pass
                0x00000000800ae7fc       0x50 /opt/devkitpro/libogc/lib/wii/libjpeg.a(jdmaster.o)
 .text.use_merged_upsample
                0x00000000800ae84c       0xf8 /opt/devkitpro/libogc/lib/wii/libjpeg.a(jdmaster.o)
 .text.jpeg_calc_output_dimensions
                0x00000000800ae944      0x270 /opt/devkitpro/libogc/lib/wii/libjpeg.a(jdmaster.o)
                0x00000000800ae944                jpeg_calc_output_dimensions
 .text.jinit_master_decompress
                0x00000000800aebb4      0x3a8 /opt/devkitpro/libogc/lib/wii/libjpeg.a(jdmaster.o)
                0x00000000800aebb4                jinit_master_decompress
 .text.init_mem_source
                0x00000000800aef5c        0x4 /opt/devkitpro/libogc/lib/wii/libjpeg.a(jdatasrc.o)
 .text.fill_mem_input_buffer
                0x00000000800aef60       0x60 /opt/devkitpro/libogc/lib/wii/libjpeg.a(jdatasrc.o)
 .text.skip_input_data
                0x00000000800aefc0       0x8c /opt/devkitpro/libogc/lib/wii/libjpeg.a(jdatasrc.o)
 .text.term_source
                0x00000000800af04c        0x4 /opt/devkitpro/libogc/lib/wii/libjpeg.a(jdatasrc.o)
 .text.jpeg_mem_src
                0x00000000800af050       0xf8 /opt/devkitpro/libogc/lib/wii/libjpeg.a(jdatasrc.o)
                0x00000000800af050                jpeg_mem_src
 .text.start_input_pass
                0x00000000800af148       0x70 /opt/devkitpro/libogc/lib/wii/libjpeg.a(jdcoefct.o)
 .text.dummy_consume_data
                0x00000000800af1b8        0x8 /opt/devkitpro/libogc/lib/wii/libjpeg.a(jdcoefct.o)
 .text.consume_data
                0x00000000800af1c0      0x280 /opt/devkitpro/libogc/lib/wii/libjpeg.a(jdcoefct.o)
 .text.decompress_data
                0x00000000800af440      0x240 /opt/devkitpro/libogc/lib/wii/libjpeg.a(jdcoefct.o)
 .text.start_output_pass
                0x00000000800af680      0x1d8 /opt/devkitpro/libogc/lib/wii/libjpeg.a(jdcoefct.o)
 .text.decompress_onepass
                0x00000000800af858      0x3cc /opt/devkitpro/libogc/lib/wii/libjpeg.a(jdcoefct.o)
 .text.decompress_smooth_data
                0x00000000800afc24      0x730 /opt/devkitpro/libogc/lib/wii/libjpeg.a(jdcoefct.o)
 .text.jinit_d_coef_controller
                0x00000000800b0354      0x204 /opt/devkitpro/libogc/lib/wii/libjpeg.a(jdcoefct.o)
                0x00000000800b0354                jinit_d_coef_controller
 .text.do_barray_io
                0x00000000800b0558      0x1c8 /opt/devkitpro/libogc/lib/wii/libjpeg.a(jmemmgr.o)
 .text.alloc_small
                0x00000000800b0720      0x2a8 /opt/devkitpro/libogc/lib/wii/libjpeg.a(jmemmgr.o)
 .text.request_virt_barray
                0x00000000800b09c8       0xc4 /opt/devkitpro/libogc/lib/wii/libjpeg.a(jmemmgr.o)
 .text.request_virt_sarray
                0x00000000800b0a8c       0xc4 /opt/devkitpro/libogc/lib/wii/libjpeg.a(jmemmgr.o)
 .text.free_pool
                0x00000000800b0b50      0x1b0 /opt/devkitpro/libogc/lib/wii/libjpeg.a(jmemmgr.o)
 .text.self_destruct
                0x00000000800b0d00       0x58 /opt/devkitpro/libogc/lib/wii/libjpeg.a(jmemmgr.o)
 .text.access_virt_barray
                0x00000000800b0d58      0x2bc /opt/devkitpro/libogc/lib/wii/libjpeg.a(jmemmgr.o)
 .text.alloc_large
                0x00000000800b1014      0x12c /opt/devkitpro/libogc/lib/wii/libjpeg.a(jmemmgr.o)
 .text.alloc_barray
                0x00000000800b1140      0x12c /opt/devkitpro/libogc/lib/wii/libjpeg.a(jmemmgr.o)
 .text.alloc_sarray
                0x00000000800b126c      0x12c /opt/devkitpro/libogc/lib/wii/libjpeg.a(jmemmgr.o)
 .text.realize_virt_arrays
                0x00000000800b1398      0x2a0 /opt/devkitpro/libogc/lib/wii/libjpeg.a(jmemmgr.o)
 .text.access_virt_sarray
                0x00000000800b1638      0x4b8 /opt/devkitpro/libogc/lib/wii/libjpeg.a(jmemmgr.o)
 .text.jinit_memory_mgr
                0x00000000800b1af0      0x1ac /opt/devkitpro/libogc/lib/wii/libjpeg.a(jmemmgr.o)
                0x00000000800b1af0                jinit_memory_mgr
 .text.start_pass_merged_upsample
                0x00000000800b1c9c       0x18 /opt/devkitpro/libogc/lib/wii/libjpeg.a(jdmerge.o)
 .text.merged_1v_upsample
                0x00000000800b1cb4       0x6c /opt/devkitpro/libogc/lib/wii/libjpeg.a(jdmerge.o)
 .text.h2v1_merged_upsample
                0x00000000800b1d20      0x1b0 /opt/devkitpro/libogc/lib/wii/libjpeg.a(jdmerge.o)
 .text.h2v2_merged_upsample
                0x00000000800b1ed0      0x250 /opt/devkitpro/libogc/lib/wii/libjpeg.a(jdmerge.o)
 .text.merged_2v_upsample
                0x00000000800b2120      0x124 /opt/devkitpro/libogc/lib/wii/libjpeg.a(jdmerge.o)
 .text.jinit_merged_upsampler
                0x00000000800b2244      0x1cc /opt/devkitpro/libogc/lib/wii/libjpeg.a(jdmerge.o)
                0x00000000800b2244                jinit_merged_upsampler
 .text.prescan_quantize
                0x00000000800b2410       0x90 /opt/devkitpro/libogc/lib/wii/libjpeg.a(jquant2.o)
 .text.init_error_limit
                0x00000000800b24a0       0xc0 /opt/devkitpro/libogc/lib/wii/libjpeg.a(jquant2.o)
 .text.finish_pass2
                0x00000000800b2560        0x4 /opt/devkitpro/libogc/lib/wii/libjpeg.a(jquant2.o)
 .text.new_color_map_2_quant
                0x00000000800b2564       0x10 /opt/devkitpro/libogc/lib/wii/libjpeg.a(jquant2.o)
 .text.start_pass_2_quant
                0x00000000800b2574      0x1b8 /opt/devkitpro/libogc/lib/wii/libjpeg.a(jquant2.o)
 .text.update_box.isra.0
                0x00000000800b272c      0x4d4 /opt/devkitpro/libogc/lib/wii/libjpeg.a(jquant2.o)
 .text.fill_inverse_cmap
                0x00000000800b2c00      0x494 /opt/devkitpro/libogc/lib/wii/libjpeg.a(jquant2.o)
 .text.pass2_no_dither
                0x00000000800b3094      0x13c /opt/devkitpro/libogc/lib/wii/libjpeg.a(jquant2.o)
 .text.pass2_fs_dither
                0x00000000800b31d0      0x3d0 /opt/devkitpro/libogc/lib/wii/libjpeg.a(jquant2.o)
 .text.finish_pass1
                0x00000000800b35a0      0x3e4 /opt/devkitpro/libogc/lib/wii/libjpeg.a(jquant2.o)
 .text.jinit_2pass_quantizer
                0x00000000800b3984      0x1fc /opt/devkitpro/libogc/lib/wii/libjpeg.a(jquant2.o)
                0x00000000800b3984                jinit_2pass_quantizer
 .text.create_colorindex
                0x00000000800b3b80      0x170 /opt/devkitpro/libogc/lib/wii/libjpeg.a(jquant1.o)
 .text.color_quantize
                0x00000000800b3cf0       0xc8 /opt/devkitpro/libogc/lib/wii/libjpeg.a(jquant1.o)
 .text.color_quantize3
                0x00000000800b3db8       0x98 /opt/devkitpro/libogc/lib/wii/libjpeg.a(jquant1.o)
 .text.quantize3_ord_dither
                0x00000000800b3e50      0x134 /opt/devkitpro/libogc/lib/wii/libjpeg.a(jquant1.o)
 .text.finish_pass_1_quant
                0x00000000800b3f84        0x4 /opt/devkitpro/libogc/lib/wii/libjpeg.a(jquant1.o)
 .text.new_color_map_1_quant
                0x00000000800b3f88       0x18 /opt/devkitpro/libogc/lib/wii/libjpeg.a(jquant1.o)
 .text.start_pass_1_quant
                0x00000000800b3fa0      0x33c /opt/devkitpro/libogc/lib/wii/libjpeg.a(jquant1.o)
 .text.quantize_fs_dither
                0x00000000800b42dc      0x23c /opt/devkitpro/libogc/lib/wii/libjpeg.a(jquant1.o)
 .text.quantize_ord_dither
                0x00000000800b4518      0x160 /opt/devkitpro/libogc/lib/wii/libjpeg.a(jquant1.o)
 .text.jinit_1pass_quantizer
                0x00000000800b4678      0x3e0 /opt/devkitpro/libogc/lib/wii/libjpeg.a(jquant1.o)
                0x00000000800b4678                jinit_1pass_quantizer
 .text.jpeg_fill_bit_buffer
                0x00000000800b4a58      0x200 /opt/devkitpro/libogc/lib/wii/libjpeg.a(jdhuff.o)
 .text.jpeg_huff_decode
                0x00000000800b4c58      0x1c8 /opt/devkitpro/libogc/lib/wii/libjpeg.a(jdhuff.o)
 .text.process_restart
                0x00000000800b4e20       0xc0 /opt/devkitpro/libogc/lib/wii/libjpeg.a(jdhuff.o)
 .text.decode_mcu_DC_first
                0x00000000800b4ee0      0x310 /opt/devkitpro/libogc/lib/wii/libjpeg.a(jdhuff.o)
 .text.decode_mcu_AC_first
                0x00000000800b51f0      0x320 /opt/devkitpro/libogc/lib/wii/libjpeg.a(jdhuff.o)
 .text.decode_mcu_DC_refine
                0x00000000800b5510      0x178 /opt/devkitpro/libogc/lib/wii/libjpeg.a(jdhuff.o)
 .text.decode_mcu_AC_refine
                0x00000000800b5688      0x5c4 /opt/devkitpro/libogc/lib/wii/libjpeg.a(jdhuff.o)
 .text.decode_mcu_sub
                0x00000000800b5c4c      0x5a4 /opt/devkitpro/libogc/lib/wii/libjpeg.a(jdhuff.o)
 .text.decode_mcu
                0x00000000800b61f0      0x598 /opt/devkitpro/libogc/lib/wii/libjpeg.a(jdhuff.o)
 .text.jpeg_make_d_derived_tbl
                0x00000000800b6788      0x3ec /opt/devkitpro/libogc/lib/wii/libjpeg.a(jdhuff.o)
 .text.start_pass_huff_decoder
                0x00000000800b6b74      0x8d0 /opt/devkitpro/libogc/lib/wii/libjpeg.a(jdhuff.o)
 .text.jinit_huff_decoder
                0x00000000800b7444      0x118 /opt/devkitpro/libogc/lib/wii/libjpeg.a(jdhuff.o)
                0x00000000800b7444                jinit_huff_decoder
 .text.process_data_simple_main
                0x00000000800b755c      0x140 /opt/devkitpro/libogc/lib/wii/libjpeg.a(jdmainct.o)
 .text.process_data_context_main
                0x00000000800b769c      0x3c4 /opt/devkitpro/libogc/lib/wii/libjpeg.a(jdmainct.o)
 .text.process_data_crank_post
                0x00000000800b7a60       0x28 /opt/devkitpro/libogc/lib/wii/libjpeg.a(jdmainct.o)
 .text.start_pass_main
                0x00000000800b7a88      0x214 /opt/devkitpro/libogc/lib/wii/libjpeg.a(jdmainct.o)
 .text.jinit_d_main_controller
                0x00000000800b7c9c      0x234 /opt/devkitpro/libogc/lib/wii/libjpeg.a(jdmainct.o)
                0x00000000800b7c9c                jinit_d_main_controller
 .text.start_pass_upsample
                0x00000000800b7ed0       0x18 /opt/devkitpro/libogc/lib/wii/libjpeg.a(jdsample.o)
 .text.sep_upsample
                0x00000000800b7ee8      0x1a4 /opt/devkitpro/libogc/lib/wii/libjpeg.a(jdsample.o)
 .text.fullsize_upsample
                0x00000000800b808c        0x8 /opt/devkitpro/libogc/lib/wii/libjpeg.a(jdsample.o)
 .text.noop_upsample
                0x00000000800b8094        0xc /opt/devkitpro/libogc/lib/wii/libjpeg.a(jdsample.o)
 .text.h2v1_upsample
                0x00000000800b80a0       0x64 /opt/devkitpro/libogc/lib/wii/libjpeg.a(jdsample.o)
 .text.int_upsample
                0x00000000800b8104      0x124 /opt/devkitpro/libogc/lib/wii/libjpeg.a(jdsample.o)
 .text.h2v2_upsample
                0x00000000800b8228       0xbc /opt/devkitpro/libogc/lib/wii/libjpeg.a(jdsample.o)
 .text.jinit_upsampler
                0x00000000800b82e4      0x280 /opt/devkitpro/libogc/lib/wii/libjpeg.a(jdsample.o)
                0x00000000800b82e4                jinit_upsampler
 .text.jpeg_abort
                0x00000000800b8564       0x7c /opt/devkitpro/libogc/lib/wii/libjpeg.a(jcomapi.o)
                0x00000000800b8564                jpeg_abort
 .text.jpeg_destroy
                0x00000000800b85e0       0x4c /opt/devkitpro/libogc/lib/wii/libjpeg.a(jcomapi.o)
                0x00000000800b85e0                jpeg_destroy
 .text.jpeg_alloc_quant_table
                0x00000000800b862c       0x3c /opt/devkitpro/libogc/lib/wii/libjpeg.a(jcomapi.o)
                0x00000000800b862c                jpeg_alloc_quant_table
 .text.jpeg_alloc_huff_table
                0x00000000800b8668       0x3c /opt/devkitpro/libogc/lib/wii/libjpeg.a(jcomapi.o)
                0x00000000800b8668                jpeg_alloc_huff_table
 .text.jpeg_get_small
                0x00000000800b86a4        0x8 /opt/devkitpro/libogc/lib/wii/libjpeg.a(jmemnobs.o)
                0x00000000800b86a4                jpeg_get_small
 .text.jpeg_free_small
                0x00000000800b86ac        0x8 /opt/devkitpro/libogc/lib/wii/libjpeg.a(jmemnobs.o)
                0x00000000800b86ac                jpeg_free_small
 .text.jpeg_get_large
                0x00000000800b86b4        0x8 /opt/devkitpro/libogc/lib/wii/libjpeg.a(jmemnobs.o)
                0x00000000800b86b4                jpeg_get_large
 .text.jpeg_free_large
                0x00000000800b86bc        0x8 /opt/devkitpro/libogc/lib/wii/libjpeg.a(jmemnobs.o)
                0x00000000800b86bc                jpeg_free_large
 .text.jpeg_mem_available
                0x00000000800b86c4        0x8 /opt/devkitpro/libogc/lib/wii/libjpeg.a(jmemnobs.o)
                0x00000000800b86c4                jpeg_mem_available
 .text.jpeg_open_backing_store
                0x00000000800b86cc       0x18 /opt/devkitpro/libogc/lib/wii/libjpeg.a(jmemnobs.o)
                0x00000000800b86cc                jpeg_open_backing_store
 .text.jpeg_mem_init
                0x00000000800b86e4        0x8 /opt/devkitpro/libogc/lib/wii/libjpeg.a(jmemnobs.o)
                0x00000000800b86e4                jpeg_mem_init
 .text.jpeg_mem_term
                0x00000000800b86ec        0x4 /opt/devkitpro/libogc/lib/wii/libjpeg.a(jmemnobs.o)
                0x00000000800b86ec                jpeg_mem_term
 .text.build_ycc_rgb_table
                0x00000000800b86f0      0x12c /opt/devkitpro/libogc/lib/wii/libjpeg.a(jdcolor.o)
 .text.ycc_rgb_convert
                0x00000000800b881c      0x118 /opt/devkitpro/libogc/lib/wii/libjpeg.a(jdcolor.o)
 .text.rgb_gray_convert
                0x00000000800b8934       0xc4 /opt/devkitpro/libogc/lib/wii/libjpeg.a(jdcolor.o)
 .text.rgb_convert
                0x00000000800b89f8       0x88 /opt/devkitpro/libogc/lib/wii/libjpeg.a(jdcolor.o)
 .text.null_convert
                0x00000000800b8a80       0x94 /opt/devkitpro/libogc/lib/wii/libjpeg.a(jdcolor.o)
 .text.gray_rgb_convert
                0x00000000800b8b14       0x68 /opt/devkitpro/libogc/lib/wii/libjpeg.a(jdcolor.o)
 .text.ycck_cmyk_convert
                0x00000000800b8b7c      0x138 /opt/devkitpro/libogc/lib/wii/libjpeg.a(jdcolor.o)
 .text.start_pass_dcolor
                0x00000000800b8cb4        0x4 /opt/devkitpro/libogc/lib/wii/libjpeg.a(jdcolor.o)
 .text.grayscale_convert
                0x00000000800b8cb8       0x1c /opt/devkitpro/libogc/lib/wii/libjpeg.a(jdcolor.o)
 .text.jinit_color_deconverter
                0x00000000800b8cd4      0x320 /opt/devkitpro/libogc/lib/wii/libjpeg.a(jdcolor.o)
                0x00000000800b8cd4                jinit_color_deconverter